Archive member included to satisfy reference by file (symbol)

/usr/lib/gcc/arm-none-eabi/15/../../../../arm-none-eabi/lib/thumb/v7e-m+fp/hard/libc.a(interrupt.c.o)
                              /usr/lib/gcc/arm-none-eabi/15/../../../../arm-none-eabi/lib/thumb/v7e-m+fp/hard/crt0.o (__interrupt_vector)
/usr/lib/gcc/arm-none-eabi/15/../../../../arm-none-eabi/lib/thumb/v7e-m+fp/hard/libc.a(memcpy.S.o)
                              /usr/lib/gcc/arm-none-eabi/15/../../../../arm-none-eabi/lib/thumb/v7e-m+fp/hard/crt0.o (memcpy)
/usr/lib/gcc/arm-none-eabi/15/../../../../arm-none-eabi/lib/thumb/v7e-m+fp/hard/libc.a(memset.S.o)
                              /usr/lib/gcc/arm-none-eabi/15/../../../../arm-none-eabi/lib/thumb/v7e-m+fp/hard/crt0.o (memset)
/usr/lib/gcc/arm-none-eabi/15/../../../../arm-none-eabi/lib/thumb/v7e-m+fp/hard/libc.a(set_tls.c.o)
                              /usr/lib/gcc/arm-none-eabi/15/../../../../arm-none-eabi/lib/thumb/v7e-m+fp/hard/crt0.o (_set_tls)
/usr/lib/gcc/arm-none-eabi/15/../../../../arm-none-eabi/lib/thumb/v7e-m+fp/hard/libc.a(strlen.S.o)
                              /home/dhr1412/HTTDTD_v3.1/STM32F407VET6/build/DebugUART.o (strlen)
/usr/lib/gcc/arm-none-eabi/15/../../../../arm-none-eabi/lib/thumb/v7e-m+fp/hard/libc.a(tls.c.o)
                              /usr/lib/gcc/arm-none-eabi/15/../../../../arm-none-eabi/lib/thumb/v7e-m+fp/hard/libc.a(set_tls.c.o) (__tls)
/usr/lib/gcc/arm-none-eabi/15/../../../../arm-none-eabi/lib/thumb/v7e-m+fp/hard/libc.a(libc_misc_init.c.o)
                              /usr/lib/gcc/arm-none-eabi/15/../../../../arm-none-eabi/lib/thumb/v7e-m+fp/hard/crt0.o (__libc_init_array)
/usr/lib/gcc/arm-none-eabi/15/../../../../arm-none-eabi/lib/thumb/v7e-m+fp/hard/libc.a(libc_stdio_snprintf.c.o)
                              /home/dhr1412/HTTDTD_v3.1/STM32F407VET6/build/tdoa_manager.o (snprintf)
/usr/lib/gcc/arm-none-eabi/15/../../../../arm-none-eabi/lib/thumb/v7e-m+fp/hard/libc.a(libc_stdio_vfprintf.c.o)
                              /usr/lib/gcc/arm-none-eabi/15/../../../../arm-none-eabi/lib/thumb/v7e-m+fp/hard/libc.a(libc_stdio_snprintf.c.o) (vfprintf)
/usr/lib/gcc/arm-none-eabi/15/../../../../arm-none-eabi/lib/thumb/v7e-m+fp/hard/libc.a(libc_stdio_vsnprintf.c.o)
                              /home/dhr1412/HTTDTD_v3.1/STM32F407VET6/build/DebugUART.o (vsnprintf)
/usr/lib/gcc/arm-none-eabi/15/../../../../arm-none-eabi/lib/thumb/v7e-m+fp/hard/libc.a(libc_stdio_dtoa_ryu.c.o)
                              /usr/lib/gcc/arm-none-eabi/15/../../../../arm-none-eabi/lib/thumb/v7e-m+fp/hard/libc.a(libc_stdio_vfprintf.c.o) (__dtoa_engine)
/usr/lib/gcc/arm-none-eabi/15/../../../../arm-none-eabi/lib/thumb/v7e-m+fp/hard/libc.a(libc_stdio_ryu_log10.c.o)
                              /usr/lib/gcc/arm-none-eabi/15/../../../../arm-none-eabi/lib/thumb/v7e-m+fp/hard/libc.a(libc_stdio_dtoa_ryu.c.o) (__log10Pow2)
/usr/lib/gcc/arm-none-eabi/15/../../../../arm-none-eabi/lib/thumb/v7e-m+fp/hard/libc.a(libc_stdio_ryu_pow5bits.c.o)
                              /usr/lib/gcc/arm-none-eabi/15/../../../../arm-none-eabi/lib/thumb/v7e-m+fp/hard/libc.a(libc_stdio_dtoa_ryu.c.o) (__pow5bits)
/usr/lib/gcc/arm-none-eabi/15/../../../../arm-none-eabi/lib/thumb/v7e-m+fp/hard/libc.a(libc_stdio_ryu_table.c.o)
                              /usr/lib/gcc/arm-none-eabi/15/../../../../arm-none-eabi/lib/thumb/v7e-m+fp/hard/libc.a(libc_stdio_dtoa_ryu.c.o) (__pow5Factor)
/usr/lib/gcc/arm-none-eabi/15/../../../../arm-none-eabi/lib/thumb/v7e-m+fp/hard/libc.a(libc_stdio_ryu_umul128.c.o)
                              /usr/lib/gcc/arm-none-eabi/15/../../../../arm-none-eabi/lib/thumb/v7e-m+fp/hard/libc.a(libc_stdio_dtoa_ryu.c.o) (__umul128)
/usr/lib/gcc/arm-none-eabi/15/../../../../arm-none-eabi/lib/thumb/v7e-m+fp/hard/libc.a(libc_string_strnlen.c.o)
                              /usr/lib/gcc/arm-none-eabi/15/../../../../arm-none-eabi/lib/thumb/v7e-m+fp/hard/libc.a(libc_stdio_vfprintf.c.o) (strnlen)
/usr/lib/gcc/arm-none-eabi/15/../../../../arm-none-eabi/lib/thumb/v7e-m+fp/hard/libc.a(libc_stdio_dtox_engine.c.o)
                              /usr/lib/gcc/arm-none-eabi/15/../../../../arm-none-eabi/lib/thumb/v7e-m+fp/hard/libc.a(libc_stdio_vfprintf.c.o) (__dtox_engine)
/usr/lib/gcc/arm-none-eabi/15/../../../../arm-none-eabi/lib/thumb/v7e-m+fp/hard/libc.a(libc_stdio_filestrput.c.o)
                              /usr/lib/gcc/arm-none-eabi/15/../../../../arm-none-eabi/lib/thumb/v7e-m+fp/hard/libc.a(libc_stdio_snprintf.c.o) (__file_str_put)
/usr/lib/gcc/arm-none-eabi/15/thumb/v7e-m+fp/hard/libgcc.a(_arm_addsubdf3.o)
                              /home/dhr1412/HTTDTD_v3.1/STM32F407VET6/build/temperature_logger.o (__aeabi_f2d)
/usr/lib/gcc/arm-none-eabi/15/thumb/v7e-m+fp/hard/libgcc.a(_aeabi_uldivmod.o)
                              /home/dhr1412/HTTDTD_v3.1/STM32F407VET6/build/stm32f4xx_hal_rcc.o (__aeabi_uldivmod)
/usr/lib/gcc/arm-none-eabi/15/thumb/v7e-m+fp/hard/libgcc.a(_udivmoddi4.o)
[...]
Memory Configuration

Name             Origin             Length             Attributes
RAM              0x20000000         0x00020000         xrw
CCMRAM           0x10000000         0x00010000         xrw
FLASH            0x08000000         0x00080000         xr
*default*        0x00000000         0xffffffff

Linker script and memory map

LOAD /usr/lib/gcc/arm-none-eabi/15/../../../../arm-none-eabi/lib/thumb/v7e-m+fp/hard/crt0.o
LOAD /usr/lib/gcc/arm-none-eabi/15/thumb/v7e-m+fp/hard/crtbegin.o
LOAD /usr/lib/gcc/arm-none-eabi/15/../../../../arm-none-eabi/lib/thumb/v7e-m+fp/hard/libnosys.a
LOAD /usr/lib/gcc/arm-none-eabi/15/thumb/v7e-m+fp/hard/libgcc.a
LOAD /home/dhr1412/HTTDTD_v3.1/STM32F407VET6/build/main.o
LOAD /home/dhr1412/HTTDTD_v3.1/STM32F407VET6/build/tdoa_manager.o
LOAD /home/dhr1412/HTTDTD_v3.1/STM32F407VET6/build/spi_slave.o
LOAD /home/dhr1412/HTTDTD_v3.1/STM32F407VET6/build/bme280.o
LOAD /home/dhr1412/HTTDTD_v3.1/STM32F407VET6/build/temperature_logger.o
LOAD /home/dhr1412/HTTDTD_v3.1/STM32F407VET6/build/DebugUART.o
LOAD /home/dhr1412/HTTDTD_v3.1/STM32F407VET6/build/system_stm32f4xx.o
LOAD /home/dhr1412/HTTDTD_v3.1/STM32F407VET6/build/stm32f4xx_hal.o
LOAD /home/dhr1412/HTTDTD_v3.1/STM32F407VET6/build/stm32f4xx_hal_cortex.o
LOAD /home/dhr1412/HTTDTD_v3.1/STM32F407VET6/build/stm32f4xx_hal_rcc.o
LOAD /home/dhr1412/HTTDTD_v3.1/STM32F407VET6/build/stm32f4xx_hal_gpio.o
LOAD /home/dhr1412/HTTDTD_v3.1/STM32F407VET6/build/stm32f4xx_hal_tim.o
LOAD /home/dhr1412/HTTDTD_v3.1/STM32F407VET6/build/stm32f4xx_hal_spi.o
LOAD /home/dhr1412/HTTDTD_v3.1/STM32F407VET6/build/stm32f4xx_hal_uart.o
LOAD /home/dhr1412/HTTDTD_v3.1/STM32F407VET6/build/stm32f4xx_hal_dma.o
LOAD /home/dhr1412/HTTDTD_v3.1/STM32F407VET6/build/stm32f4xx_hal_pwr.o
LOAD /home/dhr1412/HTTDTD_v3.1/STM32F407VET6/build/stm32f4xx_hal_flash.o
LOAD /home/dhr1412/HTTDTD_v3.1/STM32F407VET6/build/stm32f4xx_hal_tim_ex.o
LOAD /home/dhr1412/HTTDTD_v3.1/STM32F407VET6/build/stm32f4xx_hal_exti.o
LOAD /home/dhr1412/HTTDTD_v3.1/STM32F407VET6/build/startup_stm32f407xx.o
LOAD /usr/lib/gcc/arm-none-eabi/15/../../../../arm-none-eabi/lib/thumb/v7e-m+fp/hard/libstdc++.a
LOAD /usr/lib/gcc/arm-none-eabi/15/../../../../arm-none-eabi/lib/thumb/v7e-m+fp/hard/libm.a
LOAD /usr/lib/gcc/arm-none-eabi/15/../../../../arm-none-eabi/lib/thumb/v7e-m+fp/hard/libc.a
START GROUP
LOAD /usr/lib/gcc/arm-none-eabi/15/thumb/v7e-m+fp/hard/libgcc.a
START GROUP
LOAD /usr/lib/gcc/arm-none-eabi/15/../../../../arm-none-eabi/lib/thumb/v7e-m+fp/hard/libc.a
LOAD /usr/lib/gcc/arm-none-eabi/15/thumb/v7e-m+fp/hard/libgcc.a
END GROUP
END GROUP
LOAD /usr/lib/gcc/arm-none-eabi/15/thumb/v7e-m+fp/hard/crtend.o
                0x20020000                        _estack = 0x20020000
                0x00000200                        _Min_Heap_Size = 0x200
                0x00000400                        _Min_Stack_Size = 0x400

.isr_vector     0x08000000      0x188
                0x08000000                        . = ALIGN (0x4)
 *(.isr_vector)
 .isr_vector    0x08000000      0x188 /home/dhr1412/HTTDTD_v3.1/STM32F407VET6/build/startup_stm32f407xx.o
                0x08000000                g_pfnVectors
                0x08000188                        . = ALIGN (0x4)

.text           0x08000188     0x5c90
                0x08000188                        . = ALIGN (0x4)
 *(.text)
 .text          0x08000188       0x88 /usr/lib/gcc/arm-none-eabi/15/thumb/v7e-m+fp/hard/crtbegin.o
 .text          0x08000210      0x134 /usr/lib/gcc/arm-none-eabi/15/../../../../arm-none-eabi/lib/thumb/v7e-m+fp/hard/libc.a(memcpy.S.o)
                0x08000210                memcpy
                0x08000210                __aeabi_memcpy
                0x08000210                __aeabi_memcpy4
                0x08000210                __aeabi_memcpy8
 .text          0x08000344       0x9a /usr/lib/gcc/arm-none-eabi/15/../../../../arm-none-eabi/lib/thumb/v7e-m+fp/hard/libc.a(memset.S.o)
                0x08000344                memset
 *fill*         0x080003de        0x2 
 .text          0x080003e0      0x378 /usr/lib/gcc/arm-none-eabi/15/thumb/v7e-m+fp/hard/libgcc.a(_arm_addsubdf3.o)
                0x080003e0                __aeabi_drsub
                0x080003e8                __aeabi_dsub
                0x080003e8                __subdf3
                0x080003ec                __adddf3
                0x080003ec                __aeabi_dadd
                0x08000664                __aeabi_ui2d
                0x08000664                __floatunsidf
                0x08000684                __floatsidf
                0x08000684                __aeabi_i2d
                0x080006a8                __extendsfdf2
                0x080006a8                __aeabi_f2d
                0x080006ec                __aeabi_ul2d
                0x080006ec                __floatundidf
                0x080006fc                __floatdidf
                0x080006fc                __aeabi_l2d
 .text          0x08000758       0x30 /usr/lib/gcc/arm-none-eabi/15/thumb/v7e-m+fp/hard/libgcc.a(_aeabi_uldivmod.o)
                0x08000758                __aeabi_uldivmod
 .text          0x08000788      0x320 /usr/lib/gcc/arm-none-eabi/15/thumb/v7e-m+fp/hard/libgcc.a(_udivmoddi4.o)
                0x08000788                __udivmoddi4
 .text          0x08000aa8        0x4 /usr/lib/gcc/arm-none-eabi/15/thumb/v7e-m+fp/hard/libgcc.a(_dvmd_tls.o)
                0x08000aa8                __aeabi_ldiv0
                0x08000aa8                __aeabi_idiv0
 *(.text*)
 .text.SystemClock_Config
                0x08000aac       0xa4 /home/dhr1412/HTTDTD_v3.1/STM32F407VET6/build/main.o
                0x08000aac                SystemClock_Config
 .text.MX_GPIO_Init
                0x08000b50       0x74 /home/dhr1412/HTTDTD_v3.1/STM32F407VET6/build/main.o
                0x08000b50                MX_GPIO_Init
 .text.MX_USART1_UART_Init
                0x08000bc4       0x50 /home/dhr1412/HTTDTD_v3.1/STM32F407VET6/build/main.o
                0x08000bc4                MX_USART1_UART_Init
 .text.MX_SPI2_Init
                0x08000c14       0x5c /home/dhr1412/HTTDTD_v3.1/STM32F407VET6/build/main.o
                0x08000c14                MX_SPI2_Init
 .text.MX_SPI3_Init
                0x08000c70       0x60 /home/dhr1412/HTTDTD_v3.1/STM32F407VET6/build/main.o
                0x08000c70                MX_SPI3_Init
 .text.MX_TIM5_Init
                0x08000cd0       0xa0 /home/dhr1412/HTTDTD_v3.1/STM32F407VET6/build/main.o
                0x08000cd0                MX_TIM5_Init
 .text.MX_TIM2_Init
                0x08000d70       0xc0 /home/dhr1412/HTTDTD_v3.1/STM32F407VET6/build/main.o
                0x08000d70                MX_TIM2_Init
 .text.main     0x08000e30       0x8c /home/dhr1412/HTTDTD_v3.1/STM32F407VET6/build/main.o
                0x08000e30                main
 .text._ZL21enableCaptureChannelsv
                0x08000ebc       0x44 /home/dhr1412/HTTDTD_v3.1/STM32F407VET6/build/tdoa_manager.o
 .text._ZL22disableCaptureChannelsv
                0x08000f00       0x44 /home/dhr1412/HTTDTD_v3.1/STM32F407VET6/build/tdoa_manager.o
 .text._ZN11TDOAManager4initEv
                0x08000f44      0x1d8 /home/dhr1412/HTTDTD_v3.1/STM32F407VET6/build/tdoa_manager.o
                0x08000f44                TDOAManager::init()
 .text._ZN11TDOAManager8onTC_IRQEv
                0x0800111c        0xc /home/dhr1412/HTTDTD_v3.1/STM32F407VET6/build/tdoa_manager.o
                0x0800111c                TDOAManager::onTC_IRQ()
 .text._ZN11TDOAManager9onRDC_IRQEv
                0x08001128        0xc /home/dhr1412/HTTDTD_v3.1/STM32F407VET6/build/tdoa_manager.o
                0x08001128                TDOAManager::onRDC_IRQ()
 .text._ZN11TDOAManager8onRS_IRQEv
                0x08001134        0xc /home/dhr1412/HTTDTD_v3.1/STM32F407VET6/build/tdoa_manager.o
                0x08001134                TDOAManager::onRS_IRQ()
 .text._ZN11TDOAManager12onCaptureCH1Em
                0x08001140       0x70 /home/dhr1412/HTTDTD_v3.1/STM32F407VET6/build/tdoa_manager.o
                0x08001140                TDOAManager::onCaptureCH1(unsigned long)
 .text._ZN11TDOAManager12onCaptureCH2Em
                0x080011b0       0x70 /home/dhr1412/HTTDTD_v3.1/STM32F407VET6/build/tdoa_manager.o
                0x080011b0                TDOAManager::onCaptureCH2(unsigned long)
 .text._ZN11TDOAManager12onCaptureCH3Em
                0x08001220       0x70 /home/dhr1412/HTTDTD_v3.1/STM32F407VET6/build/tdoa_manager.o
                0x08001220                TDOAManager::onCaptureCH3(unsigned long)
 .text._ZN11TDOAManager12onCaptureCH4Em
                0x08001290       0x70 /home/dhr1412/HTTDTD_v3.1/STM32F407VET6/build/tdoa_manager.o
                0x08001290                TDOAManager::onCaptureCH4(unsigned long)
 .text._ZN11TDOAManager12onCaptureCH5Em
                0x08001300       0x70 /home/dhr1412/HTTDTD_v3.1/STM32F407VET6/build/tdoa_manager.o
                0x08001300                TDOAManager::onCaptureCH5(unsigned long)
 .text._ZN11TDOAManager12onCaptureCH6Em
                0x08001370       0x70 /home/dhr1412/HTTDTD_v3.1/STM32F407VET6/build/tdoa_manager.o
                0x08001370                TDOAManager::onCaptureCH6(unsigned long)
 .text._ZN11TDOAManager10onOverflowEv
                0x080013e0       0x10 /home/dhr1412/HTTDTD_v3.1/STM32F407VET6/build/tdoa_manager.o
                0x080013e0                TDOAManager::onOverflow()
 .text._ZN11TDOAManager19getCurrentTimestampEv
                0x080013f0       0x20 /home/dhr1412/HTTDTD_v3.1/STM32F407VET6/build/tdoa_manager.o
                0x080013f0                TDOAManager::getCurrentTimestamp()
 .text._ZN11TDOAManager14packDataForSPIEv
                0x08001410       0x5c /home/dhr1412/HTTDTD_v3.1/STM32F407VET6/build/tdoa_manager.o
                0x08001410                TDOAManager::packDataForSPI()
 .text._ZN11TDOAManager20startCaptureSequenceEv
                0x0800146c       0x40 /home/dhr1412/HTTDTD_v3.1/STM32F407VET6/build/tdoa_manager.o
                0x0800146c                TDOAManager::startCaptureSequence()
 .text._ZN11TDOAManager19stopCaptureAndClearEv
                0x080014ac       0x30 /home/dhr1412/HTTDTD_v3.1/STM32F407VET6/build/tdoa_manager.o
                0x080014ac                TDOAManager::stopCaptureAndClear()
 .text._ZN11TDOAManager11resetSystemEv
                0x080014dc       0x90 /home/dhr1412/HTTDTD_v3.1/STM32F407VET6/build/tdoa_manager.o
                0x080014dc                TDOAManager::resetSystem()
 .text._ZN11TDOAManager13processEventsEv
                0x0800156c      0x14c /home/dhr1412/HTTDTD_v3.1/STM32F407VET6/build/tdoa_manager.o
                0x0800156c                TDOAManager::processEvents()
 .text.TIM2_IRQHandler
                0x080016b8       0xa0 /home/dhr1412/HTTDTD_v3.1/STM32F407VET6/build/tdoa_manager.o
                0x080016b8                TIM2_IRQHandler
 .text.TIM5_IRQHandler
                0x08001758       0x48 /home/dhr1412/HTTDTD_v3.1/STM32F407VET6/build/tdoa_manager.o
                0x08001758                TIM5_IRQHandler
 .text.EXTI1_IRQHandler
                0x080017a0       0x20 /home/dhr1412/HTTDTD_v3.1/STM32F407VET6/build/tdoa_manager.o
                0x080017a0                EXTI1_IRQHandler
 .text.EXTI2_IRQHandler
                0x080017c0       0x20 /home/dhr1412/HTTDTD_v3.1/STM32F407VET6/build/tdoa_manager.o
                0x080017c0                EXTI2_IRQHandler
 .text.EXTI4_IRQHandler
                0x080017e0       0x20 /home/dhr1412/HTTDTD_v3.1/STM32F407VET6/build/tdoa_manager.o
                0x080017e0                EXTI4_IRQHandler
 .text._ZN8SPISlave4initEv
                0x08001800       0x40 /home/dhr1412/HTTDTD_v3.1/STM32F407VET6/build/spi_slave.o
                0x08001800                SPISlave::init()
 .text._ZN8SPISlave9setTxDataEPKht
                0x08001840       0x1c /home/dhr1412/HTTDTD_v3.1/STM32F407VET6/build/spi_slave.o
                0x08001840                SPISlave::setTxData(unsigned char const*, unsigned short)
 .text._ZN8SPISlave18handleSPIInterruptEv
                0x0800185c       0x50 /home/dhr1412/HTTDTD_v3.1/STM32F407VET6/build/spi_slave.o
                0x0800185c                SPISlave::handleSPIInterrupt()
 .text._ZN8SPISlave12onNSSFallingEv
                0x080018ac       0x18 /home/dhr1412/HTTDTD_v3.1/STM32F407VET6/build/spi_slave.o
                0x080018ac                SPISlave::onNSSFalling()
 .text._ZN8SPISlave11onNSSRisingEv
                0x080018c4        0xc /home/dhr1412/HTTDTD_v3.1/STM32F407VET6/build/spi_slave.o
                0x080018c4                SPISlave::onNSSRising()
 .text._ZN8SPISlave18handleNSSInterruptEv
                0x080018d0       0x20 /home/dhr1412/HTTDTD_v3.1/STM32F407VET6/build/spi_slave.o
                0x080018d0                SPISlave::handleNSSInterrupt()
 .text.SPI3_IRQHandler
                0x080018f0        0x8 /home/dhr1412/HTTDTD_v3.1/STM32F407VET6/build/spi_slave.o
                0x080018f0                SPI3_IRQHandler
 .text.EXTI15_10_IRQHandler
                0x080018f8       0x20 /home/dhr1412/HTTDTD_v3.1/STM32F407VET6/build/spi_slave.o
                0x080018f8                EXTI15_10_IRQHandler
 .text._ZN6BME2805csLowEv
                0x08001918       0x14 /home/dhr1412/HTTDTD_v3.1/STM32F407VET6/build/bme280.o
                0x08001918                BME280::csLow()
 .text._ZN6BME2806csHighEv
                0x0800192c       0x14 /home/dhr1412/HTTDTD_v3.1/STM32F407VET6/build/bme280.o
                0x0800192c                BME280::csHigh()
 .text._ZN6BME28013writeRegisterEhh
                0x08001940       0x30 /home/dhr1412/HTTDTD_v3.1/STM32F407VET6/build/bme280.o
                0x08001940                BME280::writeRegister(unsigned char, unsigned char)
 .text._ZN6BME28012readRegisterEh
                0x08001970       0x48 /home/dhr1412/HTTDTD_v3.1/STM32F407VET6/build/bme280.o
                0x08001970                BME280::readRegister(unsigned char)
 .text._ZN6BME28013readRegistersEhPhh
                0x080019b8       0x40 /home/dhr1412/HTTDTD_v3.1/STM32F407VET6/build/bme280.o
                0x080019b8                BME280::readRegisters(unsigned char, unsigned char*, unsigned char)
 .text._ZN6BME28011resetSensorEv
                0x080019f8       0x12 /home/dhr1412/HTTDTD_v3.1/STM32F407VET6/build/bme280.o
                0x080019f8                BME280::resetSensor()
 .text._ZN6BME28011isMeasuringEv
                0x08001a0a        0xe /home/dhr1412/HTTDTD_v3.1/STM32F407VET6/build/bme280.o
                0x08001a0a                BME280::isMeasuring()
 .text._ZN6BME28019readCalibrationDataEv
                0x08001a18       0x50 /home/dhr1412/HTTDTD_v3.1/STM32F407VET6/build/bme280.o
                0x08001a18                BME280::readCalibrationData()
 .text._ZN6BME2804initEv
                0x08001a68       0x44 /home/dhr1412/HTTDTD_v3.1/STM32F407VET6/build/bme280.o
                0x08001a68                BME280::init()
 .text._ZN6BME28015readTemperatureERf
                0x08001aac       0xb0 /home/dhr1412/HTTDTD_v3.1/STM32F407VET6/build/bme280.o
                0x08001aac                BME280::readTemperature(float&)
 .text._ZN17TemperatureLogger4initEv
                0x08001b5c       0x10 /home/dhr1412/HTTDTD_v3.1/STM32F407VET6/build/temperature_logger.o
                0x08001b5c                TemperatureLogger::init()
 .text._ZN17TemperatureLogger6updateEv
                0x08001b6c       0x7c /home/dhr1412/HTTDTD_v3.1/STM32F407VET6/build/temperature_logger.o
                0x08001b6c                TemperatureLogger::update()
 .text._ZN9DebugUART4initEP20__UART_HandleTypeDef
                0x08001be8       0x20 /home/dhr1412/HTTDTD_v3.1/STM32F407VET6/build/DebugUART.o
                0x08001be8                DebugUART::init(__UART_HandleTypeDef*)
 .text._ZN9DebugUART20setFileBufferEnabledEb
                0x08001c08        0xc /home/dhr1412/HTTDTD_v3.1/STM32F407VET6/build/DebugUART.o
                0x08001c08                DebugUART::setFileBufferEnabled(bool)
 .text._ZN9DebugUART9writeUartEPKcj
                0x08001c14       0x28 /home/dhr1412/HTTDTD_v3.1/STM32F407VET6/build/DebugUART.o
                0x08001c14                DebugUART::writeUart(char const*, unsigned int)
 .text._ZN9DebugUART9storeTextEPKcj
                0x08001c3c       0x54 /home/dhr1412/HTTDTD_v3.1/STM32F407VET6/build/DebugUART.o
                0x08001c3c                DebugUART::storeText(char const*, unsigned int)
 .text._ZN9DebugUART3logEPKcz
                0x08001c90       0x44 /home/dhr1412/HTTDTD_v3.1/STM32F407VET6/build/DebugUART.o
                0x08001c90                DebugUART::log(char const*, ...)
 .text.SystemInit
                0x08001cd4       0x6c /home/dhr1412/HTTDTD_v3.1/STM32F407VET6/build/system_stm32f4xx.o
                0x08001cd4                SystemInit
 .text.HAL_MspInit
                0x08001d40        0x2 /home/dhr1412/HTTDTD_v3.1/STM32F407VET6/build/stm32f4xx_hal.o
                0x08001d40                HAL_MspInit
 *fill*         0x08001d42        0x2 
 .text.HAL_InitTick
                0x08001d44       0x4c /home/dhr1412/HTTDTD_v3.1/STM32F407VET6/build/stm32f4xx_hal.o
                0x08001d44                HAL_InitTick
 .text.HAL_Init
                0x08001d90       0x34 /home/dhr1412/HTTDTD_v3.1/STM32F407VET6/build/stm32f4xx_hal.o
                0x08001d90                HAL_Init
 .text.HAL_GetTick
                0x08001dc4        0xc /home/dhr1412/HTTDTD_v3.1/STM32F407VET6/build/stm32f4xx_hal.o
                0x08001dc4                HAL_GetTick
 .text.HAL_Delay
                0x08001dd0       0x28 /home/dhr1412/HTTDTD_v3.1/STM32F407VET6/build/stm32f4xx_hal.o
                0x08001dd0                HAL_Delay
 .text.__NVIC_EnableIRQ
                0x08001df8       0x1c /home/dhr1412/HTTDTD_v3.1/STM32F407VET6/build/stm32f4xx_hal_cortex.o
 .text.__NVIC_SetPriority
                0x08001e14       0x28 /home/dhr1412/HTTDTD_v3.1/STM32F407VET6/build/stm32f4xx_hal_cortex.o
 .text.NVIC_EncodePriority
                0x08001e3c       0x46 /home/dhr1412/HTTDTD_v3.1/STM32F407VET6/build/stm32f4xx_hal_cortex.o
 *fill*         0x08001e82        0x2 
 .text.HAL_NVIC_SetPriorityGrouping
                0x08001e84       0x24 /home/dhr1412/HTTDTD_v3.1/STM32F407VET6/build/stm32f4xx_hal_cortex.o
                0x08001e84                HAL_NVIC_SetPriorityGrouping
 .text.HAL_NVIC_SetPriority
                0x08001ea8       0x20 /home/dhr1412/HTTDTD_v3.1/STM32F407VET6/build/stm32f4xx_hal_cortex.o
                0x08001ea8                HAL_NVIC_SetPriority
 .text.HAL_NVIC_EnableIRQ
                0x08001ec8        0x8 /home/dhr1412/HTTDTD_v3.1/STM32F407VET6/build/stm32f4xx_hal_cortex.o
                0x08001ec8                HAL_NVIC_EnableIRQ
 .text.HAL_SYSTICK_Config
                0x08001ed0       0x28 /home/dhr1412/HTTDTD_v3.1/STM32F407VET6/build/stm32f4xx_hal_cortex.o
                0x08001ed0                HAL_SYSTICK_Config
 .text.HAL_RCC_OscConfig
                0x08001ef8      0x3fc /home/dhr1412/HTTDTD_v3.1/STM32F407VET6/build/stm32f4xx_hal_rcc.o
                0x08001ef8                HAL_RCC_OscConfig
 .text.HAL_RCC_GetSysClockFreq
                0x080022f4       0xdc /home/dhr1412/HTTDTD_v3.1/STM32F407VET6/build/stm32f4xx_hal_rcc.o
                0x080022f4                HAL_RCC_GetSysClockFreq
 .text.HAL_RCC_ClockConfig
                0x080023d0      0x160 /home/dhr1412/HTTDTD_v3.1/STM32F407VET6/build/stm32f4xx_hal_rcc.o
                0x080023d0                HAL_RCC_ClockConfig
 .text.HAL_RCC_GetHCLKFreq
                0x08002530        0xc /home/dhr1412/HTTDTD_v3.1/STM32F407VET6/build/stm32f4xx_hal_rcc.o
                0x08002530                HAL_RCC_GetHCLKFreq
 .text.HAL_RCC_GetPCLK1Freq
                0x0800253c       0x20 /home/dhr1412/HTTDTD_v3.1/STM32F407VET6/build/stm32f4xx_hal_rcc.o
                0x0800253c                HAL_RCC_GetPCLK1Freq
 .text.HAL_RCC_GetPCLK2Freq
                0x0800255c       0x20 /home/dhr1412/HTTDTD_v3.1/STM32F407VET6/build/stm32f4xx_hal_rcc.o
                0x0800255c                HAL_RCC_GetPCLK2Freq
 .text.HAL_GPIO_Init
                0x0800257c      0x208 /home/dhr1412/HTTDTD_v3.1/STM32F407VET6/build/stm32f4xx_hal_gpio.o
                0x0800257c                HAL_GPIO_Init
 .text.HAL_GPIO_ReadPin
                0x08002784        0xe /home/dhr1412/HTTDTD_v3.1/STM32F407VET6/build/stm32f4xx_hal_gpio.o
                0x08002784                HAL_GPIO_ReadPin
 .text.HAL_GPIO_WritePin
                0x08002792        0xc /home/dhr1412/HTTDTD_v3.1/STM32F407VET6/build/stm32f4xx_hal_gpio.o
                0x08002792                HAL_GPIO_WritePin
 *fill*         0x0800279e        0x2 
 .text.TIM_TI2_SetConfig
                0x080027a0       0x50 /home/dhr1412/HTTDTD_v3.1/STM32F407VET6/build/stm32f4xx_hal_tim.o
 .text.TIM_TI3_SetConfig
                0x080027f0       0x50 /home/dhr1412/HTTDTD_v3.1/STM32F407VET6/build/stm32f4xx_hal_tim.o
 .text.TIM_TI4_SetConfig
                0x08002840       0x3e /home/dhr1412/HTTDTD_v3.1/STM32F407VET6/build/stm32f4xx_hal_tim.o
 *fill*         0x0800287e        0x2 
 .text.HAL_TIM_Base_Start
                0x08002880       0x7c /home/dhr1412/HTTDTD_v3.1/STM32F407VET6/build/stm32f4xx_hal_tim.o
                0x08002880                HAL_TIM_Base_Start
 .text.HAL_TIM_IC_MspInit
                0x080028fc        0x2 /home/dhr1412/HTTDTD_v3.1/STM32F407VET6/build/stm32f4xx_hal_tim.o
                0x080028fc                HAL_TIM_IC_MspInit
 .text.HAL_TIM_ReadCapturedValue
                0x080028fe       0x30 /home/dhr1412/HTTDTD_v3.1/STM32F407VET6/build/stm32f4xx_hal_tim.o
                0x080028fe                HAL_TIM_ReadCapturedValue
 *fill*         0x0800292e        0x2 
 .text.TIM_Base_SetConfig
                0x08002930       0xd0 /home/dhr1412/HTTDTD_v3.1/STM32F407VET6/build/stm32f4xx_hal_tim.o
                0x08002930                TIM_Base_SetConfig
 .text.HAL_TIM_IC_Init
                0x08002a00       0x58 /home/dhr1412/HTTDTD_v3.1/STM32F407VET6/build/stm32f4xx_hal_tim.o
                0x08002a00                HAL_TIM_IC_Init
 .text.TIM_TI1_SetConfig
                0x08002a58       0x94 /home/dhr1412/HTTDTD_v3.1/STM32F407VET6/build/stm32f4xx_hal_tim.o
                0x08002a58                TIM_TI1_SetConfig
 .text.HAL_TIM_IC_ConfigChannel
                0x08002aec       0xc4 /home/dhr1412/HTTDTD_v3.1/STM32F407VET6/build/stm32f4xx_hal_tim.o
                0x08002aec                HAL_TIM_IC_ConfigChannel
 .text.SPI_WaitFlagStateUntilTimeout
                0x08002bb0       0xc8 /home/dhr1412/HTTDTD_v3.1/STM32F407VET6/build/stm32f4xx_hal_spi.o
 .text.SPI_EndRxTxTransaction
                0x08002c78       0x80 /home/dhr1412/HTTDTD_v3.1/STM32F407VET6/build/stm32f4xx_hal_spi.o
 .text.SPI_EndRxTransaction
                0x08002cf8       0x8c /home/dhr1412/HTTDTD_v3.1/STM32F407VET6/build/stm32f4xx_hal_spi.o
 .text.HAL_SPI_MspInit
                0x08002d84        0x2 /home/dhr1412/HTTDTD_v3.1/STM32F407VET6/build/stm32f4xx_hal_spi.o
                0x08002d84                HAL_SPI_MspInit
 .text.HAL_SPI_Init
                0x08002d86       0xbe /home/dhr1412/HTTDTD_v3.1/STM32F407VET6/build/stm32f4xx_hal_spi.o
                0x08002d86                HAL_SPI_Init
 .text.HAL_SPI_Transmit
                0x08002e44      0x1c4 /home/dhr1412/HTTDTD_v3.1/STM32F407VET6/build/stm32f4xx_hal_spi.o
                0x08002e44                HAL_SPI_Transmit
 .text.HAL_SPI_TransmitReceive
                0x08003008      0x264 /home/dhr1412/HTTDTD_v3.1/STM32F407VET6/build/stm32f4xx_hal_spi.o
                0x08003008                HAL_SPI_TransmitReceive
 .text.HAL_SPI_Receive
                0x0800326c      0x184 /home/dhr1412/HTTDTD_v3.1/STM32F407VET6/build/stm32f4xx_hal_spi.o
                0x0800326c                HAL_SPI_Receive
 .text.UART_EndRxTransfer
                0x080033f0       0x5c /home/dhr1412/HTTDTD_v3.1/STM32F407VET6/build/stm32f4xx_hal_uart.o
 .text.UART_SetConfig
                0x0800344c      0x110 /home/dhr1412/HTTDTD_v3.1/STM32F407VET6/build/stm32f4xx_hal_uart.o
 .text.UART_WaitOnFlagUntilTimeout
                0x0800355c       0x84 /home/dhr1412/HTTDTD_v3.1/STM32F407VET6/build/stm32f4xx_hal_uart.o
 .text.HAL_UART_MspInit
                0x080035e0        0x2 /home/dhr1412/HTTDTD_v3.1/STM32F407VET6/build/stm32f4xx_hal_uart.o
                0x080035e0                HAL_UART_MspInit
 .text.HAL_UART_Init
                0x080035e2       0x60 /home/dhr1412/HTTDTD_v3.1/STM32F407VET6/build/stm32f4xx_hal_uart.o
                0x080035e2                HAL_UART_Init
 .text.HAL_UART_Transmit
                0x08003642       0xcc /home/dhr1412/HTTDTD_v3.1/STM32F407VET6/build/stm32f4xx_hal_uart.o
                0x08003642                HAL_UART_Transmit
 *fill*         0x0800370e        0x2 
 .text.Reset_Handler
                0x08003710       0x50 /home/dhr1412/HTTDTD_v3.1/STM32F407VET6/build/startup_stm32f407xx.o
                0x08003710                Reset_Handler
 .text.Default_Handler
                0x08003760        0x2 /home/dhr1412/HTTDTD_v3.1/STM32F407VET6/build/startup_stm32f407xx.o
                0x08003760                RTC_Alarm_IRQHandler
                0x08003760                HASH_RNG_IRQHandler
                0x08003760                TIM8_CC_IRQHandler
                0x08003760                DebugMon_Handler
                0x08003760                TIM1_CC_IRQHandler
                0x08003760                DMA2_Stream5_IRQHandler
                0x08003760                HardFault_Handler
                0x08003760                DMA1_Stream5_IRQHandler
                0x08003760                SysTick_Handler
                0x08003760                PVD_IRQHandler
                0x08003760                SDIO_IRQHandler
                0x08003760                TAMP_STAMP_IRQHandler
                0x08003760                PendSV_Handler
                0x08003760                NMI_Handler
                0x08003760                CAN2_RX1_IRQHandler
                0x08003760                EXTI3_IRQHandler
                0x08003760                TIM8_TRG_COM_TIM14_IRQHandler
                0x08003760                TIM1_UP_TIM10_IRQHandler
                0x08003760                TIM8_UP_TIM13_IRQHandler
                0x08003760                I2C3_ER_IRQHandler
                0x08003760                EXTI0_IRQHandler
                0x08003760                I2C2_EV_IRQHandler
                0x08003760                DMA1_Stream2_IRQHandler
                0x08003760                CAN1_RX0_IRQHandler
                0x08003760                FPU_IRQHandler
                0x08003760                OTG_HS_WKUP_IRQHandler
                0x08003760                UsageFault_Handler
                0x08003760                CAN2_SCE_IRQHandler
                0x08003760                DMA2_Stream2_IRQHandler
                0x08003760                SPI1_IRQHandler
                0x08003760                TIM6_DAC_IRQHandler
                0x08003760                TIM1_BRK_TIM9_IRQHandler
                0x08003760                DCMI_IRQHandler
                0x08003760                CAN2_RX0_IRQHandler
                0x08003760                DMA2_Stream3_IRQHandler
                0x08003760                USART6_IRQHandler
                0x08003760                USART3_IRQHandler
                0x08003760                CAN1_RX1_IRQHandler
                0x08003760                UART5_IRQHandler
                0x08003760                DMA2_Stream0_IRQHandler
                0x08003760                TIM4_IRQHandler
                0x08003760                I2C1_EV_IRQHandler
                0x08003760                DMA1_Stream6_IRQHandler
                0x08003760                DMA1_Stream1_IRQHandler
                0x08003760                UART4_IRQHandler
                0x08003760                TIM3_IRQHandler
                0x08003760                RCC_IRQHandler
                0x08003760                TIM8_BRK_TIM12_IRQHandler
                0x08003760                Default_Handler
                0x08003760                ADC_IRQHandler
                0x08003760                DMA1_Stream7_IRQHandler
                0x08003760                TIM7_IRQHandler
                0x08003760                CAN2_TX_IRQHandler
                0x08003760                DMA2_Stream7_IRQHandler
                0x08003760                I2C3_EV_IRQHandler
                0x08003760                EXTI9_5_IRQHandler
                0x08003760                RTC_WKUP_IRQHandler
                0x08003760                ETH_WKUP_IRQHandler
                0x08003760                SPI2_IRQHandler
                0x08003760                OTG_HS_EP1_IN_IRQHandler
                0x08003760                MemManage_Handler
                0x08003760                DMA1_Stream0_IRQHandler
                0x08003760                CAN1_TX_IRQHandler
                0x08003760                SVC_Handler
                0x08003760                FSMC_IRQHandler
                0x08003760                ETH_IRQHandler
                0x08003760                OTG_HS_EP1_OUT_IRQHandler
                0x08003760                WWDG_IRQHandler
                0x08003760                OTG_FS_WKUP_IRQHandler
                0x08003760                TIM1_TRG_COM_TIM11_IRQHandler
                0x08003760                OTG_HS_IRQHandler
                0x08003760                USART2_IRQHandler
                0x08003760                I2C2_ER_IRQHandler
                0x08003760                DMA2_Stream1_IRQHandler
                0x08003760                CAN1_SCE_IRQHandler
                0x08003760                FLASH_IRQHandler
                0x08003760                DMA2_Stream4_IRQHandler
                0x08003760                BusFault_Handler
                0x08003760                USART1_IRQHandler
                0x08003760                OTG_FS_IRQHandler
                0x08003760                DMA1_Stream4_IRQHandler
                0x08003760                I2C1_ER_IRQHandler
                0x08003760                DMA2_Stream6_IRQHandler
                0x08003760                DMA1_Stream3_IRQHandler
 *fill*         0x08003762        0x2 
 .text.__libc_init_array
                0x08003764       0x20 /usr/lib/gcc/arm-none-eabi/15/../../../../arm-none-eabi/lib/thumb/v7e-m+fp/hard/libc.a(libc_misc_init.c.o)
                0x08003764                __libc_init_array
 .text.snprintf
                0x08003784       0x68 /usr/lib/gcc/arm-none-eabi/15/../../../../arm-none-eabi/lib/thumb/v7e-m+fp/hard/libc.a(libc_stdio_snprintf.c.o)
                0x08003784                snprintf
 .text.__ultoa_invert
                0x080037ec       0x4c /usr/lib/gcc/arm-none-eabi/15/../../../../arm-none-eabi/lib/thumb/v7e-m+fp/hard/libc.a(libc_stdio_vfprintf.c.o)
 .text.skip_to_arg
                0x08003838      0x2e8 /usr/lib/gcc/arm-none-eabi/15/../../../../arm-none-eabi/lib/thumb/v7e-m+fp/hard/libc.a(libc_stdio_vfprintf.c.o)
 .text.vfprintf
                0x08003b20     0x1104 /usr/lib/gcc/arm-none-eabi/15/../../../../arm-none-eabi/lib/thumb/v7e-m+fp/hard/libc.a(libc_stdio_vfprintf.c.o)
                0x08003b20                __d_vfprintf
                0x08003b20                vfprintf
 .text.vsnprintf
                0x08004c24       0x68 /usr/lib/gcc/arm-none-eabi/15/../../../../arm-none-eabi/lib/thumb/v7e-m+fp/hard/libc.a(libc_stdio_vsnprintf.c.o)
                0x08004c24                vsnprintf
 .text.__dtoa_engine
                0x08004c8c      0x94c /usr/lib/gcc/arm-none-eabi/15/../../../../arm-none-eabi/lib/thumb/v7e-m+fp/hard/libc.a(libc_stdio_dtoa_ryu.c.o)
                0x08004c8c                __dtoa_engine
 .text.__log10Pow2
                0x080055d8       0x10 /usr/lib/gcc/arm-none-eabi/15/../../../../arm-none-eabi/lib/thumb/v7e-m+fp/hard/libc.a(libc_stdio_ryu_log10.c.o)
                0x080055d8                __log10Pow2
 .text.__log10Pow5
                0x080055e8       0x10 /usr/lib/gcc/arm-none-eabi/15/../../../../arm-none-eabi/lib/thumb/v7e-m+fp/hard/libc.a(libc_stdio_ryu_log10.c.o)
                0x080055e8                __log10Pow5
 .text.__pow5bits
                0x080055f8       0x10 /usr/lib/gcc/arm-none-eabi/15/../../../../arm-none-eabi/lib/thumb/v7e-m+fp/hard/libc.a(libc_stdio_ryu_pow5bits.c.o)
                0x080055f8                __pow5bits
 .text.__pow5Factor
                0x08005608       0x48 /usr/lib/gcc/arm-none-eabi/15/../../../../arm-none-eabi/lib/thumb/v7e-m+fp/hard/libc.a(libc_stdio_ryu_table.c.o)
                0x08005608                __pow5Factor
 .text.__double_computePow5
                0x08005650      0x100 /usr/lib/gcc/arm-none-eabi/15/../../../../arm-none-eabi/lib/thumb/v7e-m+fp/hard/libc.a(libc_stdio_ryu_table.c.o)
                0x08005650                __double_computePow5
 .text.__double_computeInvPow5
                0x08005750      0x10c /usr/lib/gcc/arm-none-eabi/15/../../../../arm-none-eabi/lib/thumb/v7e-m+fp/hard/libc.a(libc_stdio_ryu_table.c.o)
                0x08005750                __double_computeInvPow5
 .text.__umul128
                0x0800585c       0x30 /usr/lib/gcc/arm-none-eabi/15/../../../../arm-none-eabi/lib/thumb/v7e-m+fp/hard/libc.a(libc_stdio_ryu_umul128.c.o)
                0x0800585c                __umul128
 .text.__shiftright128
                0x0800588c       0x4c /usr/lib/gcc/arm-none-eabi/15/../../../../arm-none-eabi/lib/thumb/v7e-m+fp/hard/libc.a(libc_stdio_ryu_umul128.c.o)
                0x0800588c                __shiftright128
 .text.strnlen  0x080058d8       0x1c /usr/lib/gcc/arm-none-eabi/15/../../../../arm-none-eabi/lib/thumb/v7e-m+fp/hard/libc.a(libc_string_strnlen.c.o)
                0x080058d8                strnlen
 .text.__dtox_engine
                0x080058f4      0x514 /usr/lib/gcc/arm-none-eabi/15/../../../../arm-none-eabi/lib/thumb/v7e-m+fp/hard/libc.a(libc_stdio_dtox_engine.c.o)
                0x080058f4                __dtox_engine
 .text.__file_str_put
                0x08005e08       0x10 /usr/lib/gcc/arm-none-eabi/15/../../../../arm-none-eabi/lib/thumb/v7e-m+fp/hard/libc.a(libc_stdio_filestrput.c.o)
                0x08005e08                __file_str_put
 *(.glue_7)
 .glue_7        0x08005e18        0x0 linker stubs
 *(.glue_7t)
 .glue_7t       0x08005e18        0x0 linker stubs
 *(.eh_frame)
 .eh_frame      0x08005e18        0x0 /usr/lib/gcc/arm-none-eabi/15/thumb/v7e-m+fp/hard/crtbegin.o
 *(.init)
 *(.fini)
                0x08005e18                        . = ALIGN (0x4)
                0x08005e18                        _etext = .

.vfp11_veneer   0x08005e18        0x0
 .vfp11_veneer  0x08005e18        0x0 linker stubs

.v4_bx          0x08005e18        0x0
 .v4_bx         0x08005e18        0x0 linker stubs

.iplt           0x08005e18        0x0
 .iplt          0x08005e18        0x0 /usr/lib/gcc/arm-none-eabi/15/thumb/v7e-m+fp/hard/crtbegin.o

.rodata         0x08005e18      0x4c0
                0x08005e18                        . = ALIGN (0x4)
 *(.rodata)
 .rodata        0x08005e18      0x340 /usr/lib/gcc/arm-none-eabi/15/../../../../arm-none-eabi/lib/thumb/v7e-m+fp/hard/libc.a(libc_stdio_ryu_table.c.o)
 *(.rodata*)
 .rodata.main.str1.4
                0x08006158      0x167 /home/dhr1412/HTTDTD_v3.1/STM32F407VET6/build/main.o
                                 0xa6 (size before relaxing)
 .rodata._ZN11TDOAManager14packDataForSPIEv.str1.4
                0x080062bf        0x0 /home/dhr1412/HTTDTD_v3.1/STM32F407VET6/build/tdoa_manager.o
                                 0x85 (size before relaxing)
 .rodata._ZN17TemperatureLogger6updateEv.str1.4
                0x080062bf        0x0 /home/dhr1412/HTTDTD_v3.1/STM32F407VET6/build/temperature_logger.o
                                 0x28 (size before relaxing)
 *fill*         0x080062bf        0x1 
 .rodata.APBPrescTable
                0x080062c0        0x8 /home/dhr1412/HTTDTD_v3.1/STM32F407VET6/build/system_stm32f4xx.o
                0x080062c0                APBPrescTable
 .rodata.AHBPrescTable
                0x080062c8       0x10 /home/dhr1412/HTTDTD_v3.1/STM32F407VET6/build/system_stm32f4xx.o
                0x080062c8                AHBPrescTable
 .rodata.str1.4
                0x080062d8        0x0 /usr/lib/gcc/arm-none-eabi/15/../../../../arm-none-eabi/lib/thumb/v7e-m+fp/hard/libc.a(libc_stdio_vfprintf.c.o)
                                  0xf (size before relaxing)
                0x080062d8                        . = ALIGN (0x4)

.ARM.extab
 *(.ARM.extab* .gnu.linkonce.armextab.*)

.ARM            0x080062d8        0x8
                0x080062d8                        __exidx_start = .
 *(.ARM.exidx*)
 .ARM.exidx     0x080062d8        0x8 /usr/lib/gcc/arm-none-eabi/15/thumb/v7e-m+fp/hard/libgcc.a(_udivmoddi4.o)
                0x080062e0                        __exidx_end = .

.rel.dyn        0x080062e0        0x0
 .rel.iplt      0x080062e0        0x0 /usr/lib/gcc/arm-none-eabi/15/thumb/v7e-m+fp/hard/crtbegin.o

.preinit_array  0x080062e0        0x0
                [!provide]                        PROVIDE (__preinit_array_start = .)
 *(.preinit_array*)
                [!provide]                        PROVIDE (__preinit_array_end = .)

.init_array     0x080062e0        0x4
                [!provide]                        PROVIDE (__init_array_start = .)
 *(SORT_BY_NAME(.init_array.*))
 *(.init_array*)
 .init_array    0x080062e0        0x4 /usr/lib/gcc/arm-none-eabi/15/thumb/v7e-m+fp/hard/crtbegin.o
                [!provide]                        PROVIDE (__init_array_end = .)

.fini_array     0x080062e4        0x4
                [!provide]                        PROVIDE (__fini_array_start = .)
 *(SORT_BY_NAME(.fini_array.*))
 *(.fini_array*)
 .fini_array    0x080062e4        0x4 /usr/lib/gcc/arm-none-eabi/15/thumb/v7e-m+fp/hard/crtbegin.o
                [!provide]                        PROVIDE (__fini_array_end = .)
                0x080062e8                        _sidata = LOADADDR (.data)

.data           0x20000000       0x10 load address 0x080062e8
                0x20000000                        . = ALIGN (0x4)
                0x20000000                        _sdata = .
 *(.data)
 *(.data*)
 .data._ZN9DebugUART13s_fileEnabledE
                0x20000000        0x1 /home/dhr1412/HTTDTD_v3.1/STM32F407VET6/build/DebugUART.o
                0x20000000                DebugUART::s_fileEnabled
 *fill*         0x20000001        0x3 
 .data.SystemCoreClock
                0x20000004        0x4 /home/dhr1412/HTTDTD_v3.1/STM32F407VET6/build/system_stm32f4xx.o
                0x20000004                SystemCoreClock
 .data.uwTickFreq
                0x20000008        0x1 /home/dhr1412/HTTDTD_v3.1/STM32F407VET6/build/stm32f4xx_hal.o
                0x20000008                uwTickFreq
 *fill*         0x20000009        0x3 
 .data.uwTickPrio
                0x2000000c        0x4 /home/dhr1412/HTTDTD_v3.1/STM32F407VET6/build/stm32f4xx_hal.o
                0x2000000c                uwTickPrio
                0x20000010                        . = ALIGN (0x4)
                0x20000010                        _edata = .
                0x080062f8                        _siccmram = LOADADDR (.ccmram)

.tm_clone_table
                0x20000010        0x0 load address 0x080062f8
 .tm_clone_table
                0x20000010        0x0 /usr/lib/gcc/arm-none-eabi/15/thumb/v7e-m+fp/hard/crtbegin.o
 .tm_clone_table
                0x20000010        0x0 /usr/lib/gcc/arm-none-eabi/15/thumb/v7e-m+fp/hard/crtend.o

.igot.plt       0x20000010        0x0 load address 0x080062f8
 .igot.plt      0x20000010        0x0 /usr/lib/gcc/arm-none-eabi/15/thumb/v7e-m+fp/hard/crtbegin.o

.ccmram         0x10000000        0x0 load address 0x080062f8
                0x10000000                        . = ALIGN (0x4)
                0x10000000                        _sccmram = .
 *(.ccmram)
 *(.ccmram*)
                0x10000000                        . = ALIGN (0x4)
                0x10000000                        _eccmram = .
                0x10000000                        . = ALIGN (0x4)

.bss            0x20000010     0x665c
                0x20000010                        _sbss = .
                0x20000010                        __bss_start__ = _sbss
 *(.bss)
 .bss           0x20000010       0x1c /usr/lib/gcc/arm-none-eabi/15/thumb/v7e-m+fp/hard/crtbegin.o
 *(.bss*)
 .bss.htim5     0x2000002c       0x48 /home/dhr1412/HTTDTD_v3.1/STM32F407VET6/build/main.o
                0x2000002c                htim5
 .bss.htim2     0x20000074       0x48 /home/dhr1412/HTTDTD_v3.1/STM32F407VET6/build/main.o
                0x20000074                htim2
 .bss.hspi3     0x200000bc       0x58 /home/dhr1412/HTTDTD_v3.1/STM32F407VET6/build/main.o
                0x200000bc                hspi3
 .bss.hspi2     0x20000114       0x58 /home/dhr1412/HTTDTD_v3.1/STM32F407VET6/build/main.o
                0x20000114                hspi2
 .bss.huart1    0x2000016c       0x48 /home/dhr1412/HTTDTD_v3.1/STM32F407VET6/build/main.o
                0x2000016c                huart1
 .bss._ZL6rsFlag
                0x200001b4        0x1 /home/dhr1412/HTTDTD_v3.1/STM32F407VET6/build/tdoa_manager.o
 .bss._ZL7rdcFlag
                0x200001b5        0x1 /home/dhr1412/HTTDTD_v3.1/STM32F407VET6/build/tdoa_manager.o
 .bss._ZL6tcFlag
                0x200001b6        0x1 /home/dhr1412/HTTDTD_v3.1/STM32F407VET6/build/tdoa_manager.o
 *fill*         0x200001b7        0x1 
 .bss._ZN11TDOAManager8spiTxLenE
                0x200001b8        0x2 /home/dhr1412/HTTDTD_v3.1/STM32F407VET6/build/tdoa_manager.o
                0x200001b8                TDOAManager::spiTxLen
 *fill*         0x200001ba        0x2 
 .bss._ZN11TDOAManager11spiTxBufferE
                0x200001bc      0x100 /home/dhr1412/HTTDTD_v3.1/STM32F407VET6/build/tdoa_manager.o
                0x200001bc                TDOAManager::spiTxBuffer
 .bss._ZN11TDOAManager12captureCountE
                0x200002bc        0x1 /home/dhr1412/HTTDTD_v3.1/STM32F407VET6/build/tdoa_manager.o
                0x200002bc                TDOAManager::captureCount
 *fill*         0x200002bd        0x3 
 .bss._ZN11TDOAManager16captureStartTickE
                0x200002c0        0x4 /home/dhr1412/HTTDTD_v3.1/STM32F407VET6/build/tdoa_manager.o
                0x200002c0                TDOAManager::captureStartTick
 .bss._ZN11TDOAManager11delayActiveE
                0x200002c4        0x1 /home/dhr1412/HTTDTD_v3.1/STM32F407VET6/build/tdoa_manager.o
                0x200002c4                TDOAManager::delayActive
 *fill*         0x200002c5        0x3 
 .bss._ZN11TDOAManager14delayStartTickE
                0x200002c8        0x4 /home/dhr1412/HTTDTD_v3.1/STM32F407VET6/build/tdoa_manager.o
                0x200002c8                TDOAManager::delayStartTick
 .bss._ZN11TDOAManager12successCountE
                0x200002cc        0x4 /home/dhr1412/HTTDTD_v3.1/STM32F407VET6/build/tdoa_manager.o
                0x200002cc                TDOAManager::successCount
 .bss._ZN11TDOAManager15channelCapturedE
                0x200002d0        0x6 /home/dhr1412/HTTDTD_v3.1/STM32F407VET6/build/tdoa_manager.o
                0x200002d0                TDOAManager::channelCaptured
 *fill*         0x200002d6        0x2 
 .bss._ZN11TDOAManager8capturesE
                0x200002d8       0x30 /home/dhr1412/HTTDTD_v3.1/STM32F407VET6/build/tdoa_manager.o
                0x200002d8                TDOAManager::captures
 .bss._ZN11TDOAManager12currentStateE
                0x20000308        0x1 /home/dhr1412/HTTDTD_v3.1/STM32F407VET6/build/tdoa_manager.o
                0x20000308                TDOAManager::currentState
 *fill*         0x20000309        0x3 
 .bss._ZL5htim5
                0x2000030c       0x48 /home/dhr1412/HTTDTD_v3.1/STM32F407VET6/build/tdoa_manager.o
 .bss._ZL5htim2
                0x20000354       0x48 /home/dhr1412/HTTDTD_v3.1/STM32F407VET6/build/tdoa_manager.o
 .bss.overflow_count
                0x2000039c        0x4 /home/dhr1412/HTTDTD_v3.1/STM32F407VET6/build/tdoa_manager.o
                0x2000039c                overflow_count
 .bss._ZN8SPISlave7txIndexE
                0x200003a0        0x2 /home/dhr1412/HTTDTD_v3.1/STM32F407VET6/build/spi_slave.o
                0x200003a0                SPISlave::txIndex
 .bss._ZN8SPISlave5txLenE
                0x200003a2        0x2 /home/dhr1412/HTTDTD_v3.1/STM32F407VET6/build/spi_slave.o
                0x200003a2                SPISlave::txLen
 .bss._ZN8SPISlave5txBufE
                0x200003a4        0x4 /home/dhr1412/HTTDTD_v3.1/STM32F407VET6/build/spi_slave.o
                0x200003a4                SPISlave::txBuf
 .bss._ZN8SPISlave12transmittingE
                0x200003a8        0x1 /home/dhr1412/HTTDTD_v3.1/STM32F407VET6/build/spi_slave.o
                0x200003a8                SPISlave::transmitting
 *fill*         0x200003a9        0x1 
 .bss._ZN6BME2806dig_T3E
                0x200003aa        0x2 /home/dhr1412/HTTDTD_v3.1/STM32F407VET6/build/bme280.o
                0x200003aa                BME280::dig_T3
 .bss._ZN6BME2806dig_T2E
                0x200003ac        0x2 /home/dhr1412/HTTDTD_v3.1/STM32F407VET6/build/bme280.o
                0x200003ac                BME280::dig_T2
 .bss._ZN6BME2806dig_T1E
                0x200003ae        0x2 /home/dhr1412/HTTDTD_v3.1/STM32F407VET6/build/bme280.o
                0x200003ae                BME280::dig_T1
 .bss._ZN17TemperatureLogger12lastTempTimeE
                0x200003b0        0x4 /home/dhr1412/HTTDTD_v3.1/STM32F407VET6/build/temperature_logger.o
                0x200003b0                TemperatureLogger::lastTempTime
 .bss._ZN9DebugUART12s_fileBufferE
                0x200003b4     0x61a9 /home/dhr1412/HTTDTD_v3.1/STM32F407VET6/build/DebugUART.o
                0x200003b4                DebugUART::s_fileBuffer
 *fill*         0x2000655d        0x3 
 .bss._ZN9DebugUART6s_tempE
                0x20006560      0x100 /home/dhr1412/HTTDTD_v3.1/STM32F407VET6/build/DebugUART.o
                0x20006560                DebugUART::s_temp
 .bss._ZN9DebugUART10s_fileSizeE
                0x20006660        0x4 /home/dhr1412/HTTDTD_v3.1/STM32F407VET6/build/DebugUART.o
                0x20006660                DebugUART::s_fileSize
 .bss._ZN9DebugUART6s_uartE
                0x20006664        0x4 /home/dhr1412/HTTDTD_v3.1/STM32F407VET6/build/DebugUART.o
                0x20006664                DebugUART::s_uart
 .bss.uwTick    0x20006668        0x4 /home/dhr1412/HTTDTD_v3.1/STM32F407VET6/build/stm32f4xx_hal.o
                0x20006668                uwTick
 *(COMMON)
                0x2000666c                        . = ALIGN (0x4)
                0x2000666c                        _ebss = .
                0x2000666c                        __bss_end__ = _ebss

._user_heap_stack
                0x2000666c      0x604
                0x20006670                        . = ALIGN (0x8)
 *fill*         0x2000666c        0x4 
                [!provide]                        PROVIDE (end = .)
                [!provide]                        PROVIDE (_end = .)
                0x20006870                        . = (. + _Min_Heap_Size)
 *fill*         0x20006670      0x200 
                0x20006c70                        . = (. + _Min_Stack_Size)
 *fill*         0x20006870      0x400 
                0x20006c70                        . = ALIGN (0x8)

/DISCARD/
 libc.a(*)
 libm.a(*)
 libgcc.a(*)

.ARM.attributes
                0x00000000       0x36
 *(.ARM.attributes)
 .ARM.attributes
                0x00000000       0x34 /usr/lib/gcc/arm-none-eabi/15/thumb/v7e-m+fp/hard/crtbegin.o
 .ARM.attributes
                0x00000034       0x34 /home/dhr1412/HTTDTD_v3.1/STM32F407VET6/build/main.o
 .ARM.attributes
                0x00000068       0x34 /home/dhr1412/HTTDTD_v3.1/STM32F407VET6/build/tdoa_manager.o
 .ARM.attributes
                0x0000009c       0x34 /home/dhr1412/HTTDTD_v3.1/STM32F407VET6/build/spi_slave.o
 .ARM.attributes
                0x000000d0       0x34 /home/dhr1412/HTTDTD_v3.1/STM32F407VET6/build/bme280.o
 .ARM.attributes
                0x00000104       0x34 /home/dhr1412/HTTDTD_v3.1/STM32F407VET6/build/temperature_logger.o
 .ARM.attributes
                0x00000138       0x34 /home/dhr1412/HTTDTD_v3.1/STM32F407VET6/build/DebugUART.o
 .ARM.attributes
                0x0000016c       0x34 /home/dhr1412/HTTDTD_v3.1/STM32F407VET6/build/system_stm32f4xx.o
 .ARM.attributes
                0x000001a0       0x34 /home/dhr1412/HTTDTD_v3.1/STM32F407VET6/build/stm32f4xx_hal.o
 .ARM.attributes
                0x000001d4       0x34 /home/dhr1412/HTTDTD_v3.1/STM32F407VET6/build/stm32f4xx_hal_cortex.o
 .ARM.attributes
                0x00000208       0x34 /home/dhr1412/HTTDTD_v3.1/STM32F407VET6/build/stm32f4xx_hal_rcc.o
 .ARM.attributes
                0x0000023c       0x34 /home/dhr1412/HTTDTD_v3.1/STM32F407VET6/build/stm32f4xx_hal_gpio.o
 .ARM.attributes
                0x00000270       0x34 /home/dhr1412/HTTDTD_v3.1/STM32F407VET6/build/stm32f4xx_hal_tim.o
 .ARM.attributes
                0x000002a4       0x34 /home/dhr1412/HTTDTD_v3.1/STM32F407VET6/build/stm32f4xx_hal_spi.o
 .ARM.attributes
                0x000002d8       0x34 /home/dhr1412/HTTDTD_v3.1/STM32F407VET6/build/stm32f4xx_hal_uart.o
 .ARM.attributes
                0x0000030c       0x21 /home/dhr1412/HTTDTD_v3.1/STM32F407VET6/build/startup_stm32f407xx.o
 .ARM.attributes
                0x0000032d       0x20 /usr/lib/gcc/arm-none-eabi/15/../../../../arm-none-eabi/lib/thumb/v7e-m+fp/hard/libc.a(memcpy.S.o)
 .ARM.attributes
                0x0000034d       0x20 /usr/lib/gcc/arm-none-eabi/15/../../../../arm-none-eabi/lib/thumb/v7e-m+fp/hard/libc.a(memset.S.o)
 .ARM.attributes
                0x0000036d       0x38 /usr/lib/gcc/arm-none-eabi/15/../../../../arm-none-eabi/lib/thumb/v7e-m+fp/hard/libc.a(libc_misc_init.c.o)
 .ARM.attributes
                0x000003a5       0x38 /usr/lib/gcc/arm-none-eabi/15/../../../../arm-none-eabi/lib/thumb/v7e-m+fp/hard/libc.a(libc_stdio_snprintf.c.o)
 .ARM.attributes
                0x000003dd       0x38 /usr/lib/gcc/arm-none-eabi/15/../../../../arm-none-eabi/lib/thumb/v7e-m+fp/hard/libc.a(libc_stdio_vfprintf.c.o)
 .ARM.attributes
                0x00000415       0x38 /usr/lib/gcc/arm-none-eabi/15/../../../../arm-none-eabi/lib/thumb/v7e-m+fp/hard/libc.a(libc_stdio_vsnprintf.c.o)
 .ARM.attributes
                0x0000044d       0x38 /usr/lib/gcc/arm-none-eabi/15/../../../../arm-none-eabi/lib/thumb/v7e-m+fp/hard/libc.a(libc_stdio_dtoa_ryu.c.o)
 .ARM.attributes
                0x00000485       0x38 /usr/lib/gcc/arm-none-eabi/15/../../../../arm-none-eabi/lib/thumb/v7e-m+fp/hard/libc.a(libc_stdio_ryu_log10.c.o)
 .ARM.attributes
                0x000004bd       0x38 /usr/lib/gcc/arm-none-eabi/15/../../../../arm-none-eabi/lib/thumb/v7e-m+fp/hard/libc.a(libc_stdio_ryu_pow5bits.c.o)
 .ARM.attributes
                0x000004f5       0x38 /usr/lib/gcc/arm-none-eabi/15/../../../../arm-none-eabi/lib/thumb/v7e-m+fp/hard/libc.a(libc_stdio_ryu_table.c.o)
 .ARM.attributes
                0x0000052d       0x38 /usr/lib/gcc/arm-none-eabi/15/../../../../arm-none-eabi/lib/thumb/v7e-m+fp/hard/libc.a(libc_stdio_ryu_umul128.c.o)
 .ARM.attributes
                0x00000565       0x38 /usr/lib/gcc/arm-none-eabi/15/../../../../arm-none-eabi/lib/thumb/v7e-m+fp/hard/libc.a(libc_string_strnlen.c.o)
 .ARM.attributes
                0x0000059d       0x38 /usr/lib/gcc/arm-none-eabi/15/../../../../arm-none-eabi/lib/thumb/v7e-m+fp/hard/libc.a(libc_stdio_dtox_engine.c.o)
 .ARM.attributes
                0x000005d5       0x38 /usr/lib/gcc/arm-none-eabi/15/../../../../arm-none-eabi/lib/thumb/v7e-m+fp/hard/libc.a(libc_stdio_filestrput.c.o)
 .ARM.attributes
                0x0000060d       0x22 /usr/lib/gcc/arm-none-eabi/15/thumb/v7e-m+fp/hard/libgcc.a(_arm_addsubdf3.o)
 .ARM.attributes
                0x0000062f       0x22 /usr/lib/gcc/arm-none-eabi/15/thumb/v7e-m+fp/hard/libgcc.a(_aeabi_uldivmod.o)
 .ARM.attributes
                0x00000651       0x34 /usr/lib/gcc/arm-none-eabi/15/thumb/v7e-m+fp/hard/libgcc.a(_udivmoddi4.o)
 .ARM.attributes
                0x00000685       0x22 /usr/lib/gcc/arm-none-eabi/15/thumb/v7e-m+fp/hard/libgcc.a(_dvmd_tls.o)
 .ARM.attributes
                0x000006a7       0x34 /usr/lib/gcc/arm-none-eabi/15/thumb/v7e-m+fp/hard/crtend.o
OUTPUT(/home/dhr1412/HTTDTD_v3.1/STM32F407VET6/build/tdoa_f407.elf elf32-littlearm)
LOAD linker stubs
LOAD /usr/lib/gcc/arm-none-eabi/15/../../../../arm-none-eabi/lib/thumb/v7e-m+fp/hard/libc.a
LOAD /usr/lib/gcc/arm-none-eabi/15/../../../../arm-none-eabi/lib/thumb/v7e-m+fp/hard/libm.a
LOAD /usr/lib/gcc/arm-none-eabi/15/thumb/v7e-m+fp/hard/libgcc.a

.comment        0x00000000       0x28
 .comment       0x00000000       0x28 /usr/lib/gcc/arm-none-eabi/15/thumb/v7e-m+fp/hard/crtbegin.o
                                 0x29 (size before relaxing)
 .comment       0x00000028        0x0 /home/dhr1412/HTTDTD_v3.1/STM32F407VET6/build/main.o
                                 0x29 (size before relaxing)
 .comment       0x00000028        0x0 /home/dhr1412/HTTDTD_v3.1/STM32F407VET6/build/tdoa_manager.o
                                 0x29 (size before relaxing)
 .comment       0x00000028        0x0 /home/dhr1412/HTTDTD_v3.1/STM32F407VET6/build/spi_slave.o
                                 0x29 (size before relaxing)
 .comment       0x00000028        0x0 /home/dhr1412/HTTDTD_v3.1/STM32F407VET6/build/bme280.o
                                 0x29 (size before relaxing)
 .comment       0x00000028        0x0 /home/dhr1412/HTTDTD_v3.1/STM32F407VET6/build/temperature_logger.o
                                 0x29 (size before relaxing)
 .comment       0x00000028        0x0 /home/dhr1412/HTTDTD_v3.1/STM32F407VET6/build/DebugUART.o
                                 0x29 (size before relaxing)
 .comment       0x00000028        0x0 /home/dhr1412/HTTDTD_v3.1/STM32F407VET6/build/system_stm32f4xx.o
                                 0x29 (size before relaxing)
 .comment       0x00000028        0x0 /home/dhr1412/HTTDTD_v3.1/STM32F407VET6/build/stm32f4xx_hal.o
                                 0x29 (size before relaxing)
 .comment       0x00000028        0x0 /home/dhr1412/HTTDTD_v3.1/STM32F407VET6/build/stm32f4xx_hal_cortex.o
                                 0x29 (size before relaxing)
 .comment       0x00000028        0x0 /home/dhr1412/HTTDTD_v3.1/STM32F407VET6/build/stm32f4xx_hal_rcc.o
                                 0x29 (size before relaxing)
 .comment       0x00000028        0x0 /home/dhr1412/HTTDTD_v3.1/STM32F407VET6/build/stm32f4xx_hal_gpio.o
                                 0x29 (size before relaxing)
 .comment       0x00000028        0x0 /home/dhr1412/HTTDTD_v3.1/STM32F407VET6/build/stm32f4xx_hal_tim.o
                                 0x29 (size before relaxing)
 .comment       0x00000028        0x0 /home/dhr1412/HTTDTD_v3.1/STM32F407VET6/build/stm32f4xx_hal_spi.o
                                 0x29 (size before relaxing)
 .comment       0x00000028        0x0 /home/dhr1412/HTTDTD_v3.1/STM32F407VET6/build/stm32f4xx_hal_uart.o
                                 0x29 (size before relaxing)
 .comment       0x00000028        0x0 /usr/lib/gcc/arm-none-eabi/15/../../../../arm-none-eabi/lib/thumb/v7e-m+fp/hard/libc.a(libc_misc_init.c.o)
                                 0x29 (size before relaxing)
 .comment       0x00000028        0x0 /usr/lib/gcc/arm-none-eabi/15/../../../../arm-none-eabi/lib/thumb/v7e-m+fp/hard/libc.a(libc_stdio_snprintf.c.o)
                                 0x29 (size before relaxing)
 .comment       0x00000028        0x0 /usr/lib/gcc/arm-none-eabi/15/../../../../arm-none-eabi/lib/thumb/v7e-m+fp/hard/libc.a(libc_stdio_vfprintf.c.o)
                                 0x29 (size before relaxing)
 .comment       0x00000028        0x0 /usr/lib/gcc/arm-none-eabi/15/../../../../arm-none-eabi/lib/thumb/v7e-m+fp/hard/libc.a(libc_stdio_vsnprintf.c.o)
                                 0x29 (size before relaxing)
 .comment       0x00000028        0x0 /usr/lib/gcc/arm-none-eabi/15/../../../../arm-none-eabi/lib/thumb/v7e-m+fp/hard/libc.a(libc_stdio_dtoa_ryu.c.o)
                                 0x29 (size before relaxing)
 .comment       0x00000028        0x0 /usr/lib/gcc/arm-none-eabi/15/../../../../arm-none-eabi/lib/thumb/v7e-m+fp/hard/libc.a(libc_stdio_ryu_log10.c.o)
                                 0x29 (size before relaxing)
 .comment       0x00000028        0x0 /usr/lib/gcc/arm-none-eabi/15/../../../../arm-none-eabi/lib/thumb/v7e-m+fp/hard/libc.a(libc_stdio_ryu_pow5bits.c.o)
                                 0x29 (size before relaxing)
 .comment       0x00000028        0x0 /usr/lib/gcc/arm-none-eabi/15/../../../../arm-none-eabi/lib/thumb/v7e-m+fp/hard/libc.a(libc_stdio_ryu_table.c.o)
                                 0x29 (size before relaxing)
 .comment       0x00000028        0x0 /usr/lib/gcc/arm-none-eabi/15/../../../../arm-none-eabi/lib/thumb/v7e-m+fp/hard/libc.a(libc_stdio_ryu_umul128.c.o)
                                 0x29 (size before relaxing)
 .comment       0x00000028        0x0 /usr/lib/gcc/arm-none-eabi/15/../../../../arm-none-eabi/lib/thumb/v7e-m+fp/hard/libc.a(libc_string_strnlen.c.o)
                                 0x29 (size before relaxing)
 .comment       0x00000028        0x0 /usr/lib/gcc/arm-none-eabi/15/../../../../arm-none-eabi/lib/thumb/v7e-m+fp/hard/libc.a(libc_stdio_dtox_engine.c.o)
                                 0x29 (size before relaxing)
 .comment       0x00000028        0x0 /usr/lib/gcc/arm-none-eabi/15/../../../../arm-none-eabi/lib/thumb/v7e-m+fp/hard/libc.a(libc_stdio_filestrput.c.o)
                                 0x29 (size before relaxing)
 .comment       0x00000028        0x0 /usr/lib/gcc/arm-none-eabi/15/thumb/v7e-m+fp/hard/libgcc.a(_udivmoddi4.o)
                                 0x29 (size before relaxing)
 .comment       0x00000028        0x0 /usr/lib/gcc/arm-none-eabi/15/thumb/v7e-m+fp/hard/crtend.o
                                 0x29 (size before relaxing)

.debug_info     0x00000000    0x14215
 .debug_info    0x00000000     0x1fc9 /home/dhr1412/HTTDTD_v3.1/STM32F407VET6/build/main.o
 .debug_info    0x00001fc9     0x1b86 /home/dhr1412/HTTDTD_v3.1/STM32F407VET6/build/tdoa_manager.o
 .debug_info    0x00003b4f      0xcae /home/dhr1412/HTTDTD_v3.1/STM32F407VET6/build/spi_slave.o
 .debug_info    0x000047fd      0xdf4 /home/dhr1412/HTTDTD_v3.1/STM32F407VET6/build/bme280.o
 .debug_info    0x000055f1      0xaa4 /home/dhr1412/HTTDTD_v3.1/STM32F407VET6/build/temperature_logger.o
 .debug_info    0x00006095     0x1241 /home/dhr1412/HTTDTD_v3.1/STM32F407VET6/build/DebugUART.o
 .debug_info    0x000072d6      0x58c /home/dhr1412/HTTDTD_v3.1/STM32F407VET6/build/system_stm32f4xx.o
 .debug_info    0x00007862      0x9dd /home/dhr1412/HTTDTD_v3.1/STM32F407VET6/build/stm32f4xx_hal.o
 .debug_info    0x0000823f      0xff5 /home/dhr1412/HTTDTD_v3.1/STM32F407VET6/build/stm32f4xx_hal_cortex.o
 .debug_info    0x00009234      0xa81 /home/dhr1412/HTTDTD_v3.1/STM32F407VET6/build/stm32f4xx_hal_rcc.o
 .debug_info    0x00009cb5      0x70c /home/dhr1412/HTTDTD_v3.1/STM32F407VET6/build/stm32f4xx_hal_gpio.o
 .debug_info    0x0000a3c1     0x3d01 /home/dhr1412/HTTDTD_v3.1/STM32F407VET6/build/stm32f4xx_hal_tim.o
 .debug_info    0x0000e0c2     0x1ccc /home/dhr1412/HTTDTD_v3.1/STM32F407VET6/build/stm32f4xx_hal_spi.o
 .debug_info    0x0000fd8e     0x3c5a /home/dhr1412/HTTDTD_v3.1/STM32F407VET6/build/stm32f4xx_hal_uart.o
 .debug_info    0x000139e8       0xd3 /usr/lib/gcc/arm-none-eabi/15/thumb/v7e-m+fp/hard/libgcc.a(_arm_addsubdf3.o)
 .debug_info    0x00013abb       0x24 /usr/lib/gcc/arm-none-eabi/15/thumb/v7e-m+fp/hard/libgcc.a(_aeabi_uldivmod.o)
 .debug_info    0x00013adf      0x6fa /usr/lib/gcc/arm-none-eabi/15/thumb/v7e-m+fp/hard/libgcc.a(_udivmoddi4.o)
 .debug_info    0x000141d9       0x3c /usr/lib/gcc/arm-none-eabi/15/thumb/v7e-m+fp/hard/libgcc.a(_dvmd_tls.o)

.debug_abbrev   0x00000000     0x2a20
 .debug_abbrev  0x00000000      0x441 /home/dhr1412/HTTDTD_v3.1/STM32F407VET6/build/main.o
 .debug_abbrev  0x00000441      0x3b3 /home/dhr1412/HTTDTD_v3.1/STM32F407VET6/build/tdoa_manager.o
 .debug_abbrev  0x000007f4      0x29e /home/dhr1412/HTTDTD_v3.1/STM32F407VET6/build/spi_slave.o
 .debug_abbrev  0x00000a92      0x2f4 /home/dhr1412/HTTDTD_v3.1/STM32F407VET6/build/bme280.o
 .debug_abbrev  0x00000d86      0x315 /home/dhr1412/HTTDTD_v3.1/STM32F407VET6/build/temperature_logger.o
 .debug_abbrev  0x0000109b      0x38b /home/dhr1412/HTTDTD_v3.1/STM32F407VET6/build/DebugUART.o
 .debug_abbrev  0x00001426      0x16e /home/dhr1412/HTTDTD_v3.1/STM32F407VET6/build/system_stm32f4xx.o
 .debug_abbrev  0x00001594      0x240 /home/dhr1412/HTTDTD_v3.1/STM32F407VET6/build/stm32f4xx_hal.o
 .debug_abbrev  0x000017d4      0x391 /home/dhr1412/HTTDTD_v3.1/STM32F407VET6/build/stm32f4xx_hal_cortex.o
 .debug_abbrev  0x00001b65      0x2c7 /home/dhr1412/HTTDTD_v3.1/STM32F407VET6/build/stm32f4xx_hal_rcc.o
 .debug_abbrev  0x00001e2c      0x215 /home/dhr1412/HTTDTD_v3.1/STM32F407VET6/build/stm32f4xx_hal_gpio.o
 .debug_abbrev  0x00002041      0x271 /home/dhr1412/HTTDTD_v3.1/STM32F407VET6/build/stm32f4xx_hal_tim.o
 .debug_abbrev  0x000022b2      0x272 /home/dhr1412/HTTDTD_v3.1/STM32F407VET6/build/stm32f4xx_hal_spi.o
 .debug_abbrev  0x00002524      0x32a /home/dhr1412/HTTDTD_v3.1/STM32F407VET6/build/stm32f4xx_hal_uart.o
 .debug_abbrev  0x0000284e       0x28 /usr/lib/gcc/arm-none-eabi/15/thumb/v7e-m+fp/hard/libgcc.a(_arm_addsubdf3.o)
 .debug_abbrev  0x00002876       0x14 /usr/lib/gcc/arm-none-eabi/15/thumb/v7e-m+fp/hard/libgcc.a(_aeabi_uldivmod.o)
 .debug_abbrev  0x0000288a      0x170 /usr/lib/gcc/arm-none-eabi/15/thumb/v7e-m+fp/hard/libgcc.a(_udivmoddi4.o)
 .debug_abbrev  0x000029fa       0x26 /usr/lib/gcc/arm-none-eabi/15/thumb/v7e-m+fp/hard/libgcc.a(_dvmd_tls.o)

.debug_loclists
                0x00000000     0x9502
 .debug_loclists
                0x00000000       0x77 /home/dhr1412/HTTDTD_v3.1/STM32F407VET6/build/main.o
 .debug_loclists
                0x00000077      0x214 /home/dhr1412/HTTDTD_v3.1/STM32F407VET6/build/tdoa_manager.o
 .debug_loclists
                0x0000028b      0x29b /home/dhr1412/HTTDTD_v3.1/STM32F407VET6/build/bme280.o
 .debug_loclists
                0x00000526       0x41 /home/dhr1412/HTTDTD_v3.1/STM32F407VET6/build/temperature_logger.o
 .debug_loclists
                0x00000567      0x17a /home/dhr1412/HTTDTD_v3.1/STM32F407VET6/build/DebugUART.o
 .debug_loclists
                0x000006e1      0x10e /home/dhr1412/HTTDTD_v3.1/STM32F407VET6/build/system_stm32f4xx.o
 .debug_loclists
                0x000007ef       0xe1 /home/dhr1412/HTTDTD_v3.1/STM32F407VET6/build/stm32f4xx_hal.o
 .debug_loclists
                0x000008d0      0x500 /home/dhr1412/HTTDTD_v3.1/STM32F407VET6/build/stm32f4xx_hal_cortex.o
 .debug_loclists
                0x00000dd0      0x3b1 /home/dhr1412/HTTDTD_v3.1/STM32F407VET6/build/stm32f4xx_hal_rcc.o
 .debug_loclists
                0x00001181      0x361 /home/dhr1412/HTTDTD_v3.1/STM32F407VET6/build/stm32f4xx_hal_gpio.o
 .debug_loclists
                0x000014e2     0x39a1 /home/dhr1412/HTTDTD_v3.1/STM32F407VET6/build/stm32f4xx_hal_tim.o
 .debug_loclists
                0x00004e83     0x145f /home/dhr1412/HTTDTD_v3.1/STM32F407VET6/build/stm32f4xx_hal_spi.o
 .debug_loclists
                0x000062e2     0x27f6 /home/dhr1412/HTTDTD_v3.1/STM32F407VET6/build/stm32f4xx_hal_uart.o
 .debug_loclists
                0x00008ad8      0xa2a /usr/lib/gcc/arm-none-eabi/15/thumb/v7e-m+fp/hard/libgcc.a(_udivmoddi4.o)

.debug_aranges  0x00000000      0xd90
 .debug_aranges
                0x00000000       0x68 /home/dhr1412/HTTDTD_v3.1/STM32F407VET6/build/main.o
 .debug_aranges
                0x00000068       0xd8 /home/dhr1412/HTTDTD_v3.1/STM32F407VET6/build/tdoa_manager.o
 .debug_aranges
                0x00000140       0x58 /home/dhr1412/HTTDTD_v3.1/STM32F407VET6/build/spi_slave.o
 .debug_aranges
                0x00000198       0x68 /home/dhr1412/HTTDTD_v3.1/STM32F407VET6/build/bme280.o
 .debug_aranges
                0x00000200       0x28 /home/dhr1412/HTTDTD_v3.1/STM32F407VET6/build/temperature_logger.o
 .debug_aranges
                0x00000228       0x50 /home/dhr1412/HTTDTD_v3.1/STM32F407VET6/build/DebugUART.o
 .debug_aranges
                0x00000278       0x28 /home/dhr1412/HTTDTD_v3.1/STM32F407VET6/build/system_stm32f4xx.o
 .debug_aranges
                0x000002a0       0xf0 /home/dhr1412/HTTDTD_v3.1/STM32F407VET6/build/stm32f4xx_hal.o
 .debug_aranges
                0x00000390       0xf8 /home/dhr1412/HTTDTD_v3.1/STM32F407VET6/build/stm32f4xx_hal_cortex.o
 .debug_aranges
                0x00000488       0x88 /home/dhr1412/HTTDTD_v3.1/STM32F407VET6/build/stm32f4xx_hal_rcc.o
 .debug_aranges
                0x00000510       0x58 /home/dhr1412/HTTDTD_v3.1/STM32F407VET6/build/stm32f4xx_hal_gpio.o
 .debug_aranges
                0x00000568      0x3d0 /home/dhr1412/HTTDTD_v3.1/STM32F407VET6/build/stm32f4xx_hal_tim.o
 .debug_aranges
                0x00000938      0x1d0 /home/dhr1412/HTTDTD_v3.1/STM32F407VET6/build/stm32f4xx_hal_spi.o
 .debug_aranges
                0x00000b08      0x208 /home/dhr1412/HTTDTD_v3.1/STM32F407VET6/build/stm32f4xx_hal_uart.o
 .debug_aranges
                0x00000d10       0x20 /usr/lib/gcc/arm-none-eabi/15/thumb/v7e-m+fp/hard/libgcc.a(_arm_addsubdf3.o)
 .debug_aranges
                0x00000d30       0x20 /usr/lib/gcc/arm-none-eabi/15/thumb/v7e-m+fp/hard/libgcc.a(_aeabi_uldivmod.o)
 .debug_aranges
                0x00000d50       0x20 /usr/lib/gcc/arm-none-eabi/15/thumb/v7e-m+fp/hard/libgcc.a(_udivmoddi4.o)
 .debug_aranges
                0x00000d70       0x20 /usr/lib/gcc/arm-none-eabi/15/thumb/v7e-m+fp/hard/libgcc.a(_dvmd_tls.o)

.debug_rnglists
                0x00000000      0xad1
 .debug_rnglists
                0x00000000       0x4d /home/dhr1412/HTTDTD_v3.1/STM32F407VET6/build/main.o
 .debug_rnglists
                0x0000004d       0xe9 /home/dhr1412/HTTDTD_v3.1/STM32F407VET6/build/tdoa_manager.o
 .debug_rnglists
                0x00000136       0x3d /home/dhr1412/HTTDTD_v3.1/STM32F407VET6/build/spi_slave.o
 .debug_rnglists
                0x00000173       0x4a /home/dhr1412/HTTDTD_v3.1/STM32F407VET6/build/bme280.o
 .debug_rnglists
                0x000001bd       0x19 /home/dhr1412/HTTDTD_v3.1/STM32F407VET6/build/temperature_logger.o
 .debug_rnglists
                0x000001d6       0x37 /home/dhr1412/HTTDTD_v3.1/STM32F407VET6/build/DebugUART.o
 .debug_rnglists
                0x0000020d       0x1a /home/dhr1412/HTTDTD_v3.1/STM32F407VET6/build/system_stm32f4xx.o
 .debug_rnglists
                0x00000227       0xaf /home/dhr1412/HTTDTD_v3.1/STM32F407VET6/build/stm32f4xx_hal.o
 .debug_rnglists
                0x000002d6       0xb5 /home/dhr1412/HTTDTD_v3.1/STM32F407VET6/build/stm32f4xx_hal_cortex.o
 .debug_rnglists
                0x0000038b       0x75 /home/dhr1412/HTTDTD_v3.1/STM32F407VET6/build/stm32f4xx_hal_rcc.o
 .debug_rnglists
                0x00000400       0x3f /home/dhr1412/HTTDTD_v3.1/STM32F407VET6/build/stm32f4xx_hal_gpio.o
 .debug_rnglists
                0x0000043f      0x305 /home/dhr1412/HTTDTD_v3.1/STM32F407VET6/build/stm32f4xx_hal_tim.o
 .debug_rnglists
                0x00000744      0x16a /home/dhr1412/HTTDTD_v3.1/STM32F407VET6/build/stm32f4xx_hal_spi.o
 .debug_rnglists
                0x000008ae      0x195 /home/dhr1412/HTTDTD_v3.1/STM32F407VET6/build/stm32f4xx_hal_uart.o
 .debug_rnglists
                0x00000a43       0x8e /usr/lib/gcc/arm-none-eabi/15/thumb/v7e-m+fp/hard/libgcc.a(_udivmoddi4.o)

.debug_line     0x00000000     0xf359
 .debug_line    0x00000000      0x8c1 /home/dhr1412/HTTDTD_v3.1/STM32F407VET6/build/main.o
 .debug_line    0x000008c1      0xda4 /home/dhr1412/HTTDTD_v3.1/STM32F407VET6/build/tdoa_manager.o
 .debug_line    0x00001665      0x3d9 /home/dhr1412/HTTDTD_v3.1/STM32F407VET6/build/spi_slave.o
 .debug_line    0x00001a3e      0x4e5 /home/dhr1412/HTTDTD_v3.1/STM32F407VET6/build/bme280.o
 .debug_line    0x00001f23      0x34a /home/dhr1412/HTTDTD_v3.1/STM32F407VET6/build/temperature_logger.o
 .debug_line    0x0000226d      0x47d /home/dhr1412/HTTDTD_v3.1/STM32F407VET6/build/DebugUART.o
 .debug_line    0x000026ea      0x2f8 /home/dhr1412/HTTDTD_v3.1/STM32F407VET6/build/system_stm32f4xx.o
 .debug_line    0x000029e2      0x5b1 /home/dhr1412/HTTDTD_v3.1/STM32F407VET6/build/stm32f4xx_hal.o
 .debug_line    0x00002f93      0x881 /home/dhr1412/HTTDTD_v3.1/STM32F407VET6/build/stm32f4xx_hal_cortex.o
 .debug_line    0x00003814      0xbe0 /home/dhr1412/HTTDTD_v3.1/STM32F407VET6/build/stm32f4xx_hal_rcc.o
 .debug_line    0x000043f4      0x709 /home/dhr1412/HTTDTD_v3.1/STM32F407VET6/build/stm32f4xx_hal_gpio.o
 .debug_line    0x00004afd     0x47f8 /home/dhr1412/HTTDTD_v3.1/STM32F407VET6/build/stm32f4xx_hal_tim.o
 .debug_line    0x000092f5     0x2438 /home/dhr1412/HTTDTD_v3.1/STM32F407VET6/build/stm32f4xx_hal_spi.o
 .debug_line    0x0000b72d     0x3446 /home/dhr1412/HTTDTD_v3.1/STM32F407VET6/build/stm32f4xx_hal_uart.o
 .debug_line    0x0000eb73      0x16f /usr/lib/gcc/arm-none-eabi/15/thumb/v7e-m+fp/hard/libgcc.a(_arm_addsubdf3.o)
 .debug_line    0x0000ece2       0x4e /usr/lib/gcc/arm-none-eabi/15/thumb/v7e-m+fp/hard/libgcc.a(_aeabi_uldivmod.o)
 .debug_line    0x0000ed30      0x5df /usr/lib/gcc/arm-none-eabi/15/thumb/v7e-m+fp/hard/libgcc.a(_udivmoddi4.o)
 .debug_line    0x0000f30f       0x4a /usr/lib/gcc/arm-none-eabi/15/thumb/v7e-m+fp/hard/libgcc.a(_dvmd_tls.o)

.debug_str      0x00000000     0x5330
 .debug_str     0x00000000     0x5330 /home/dhr1412/HTTDTD_v3.1/STM32F407VET6/build/main.o
                               0x1fd1 (size before relaxing)
 .debug_str     0x00005330        0x0 /home/dhr1412/HTTDTD_v3.1/STM32F407VET6/build/tdoa_manager.o
                               0x17be (size before relaxing)
 .debug_str     0x00005330        0x0 /home/dhr1412/HTTDTD_v3.1/STM32F407VET6/build/spi_slave.o
                                0xf8c (size before relaxing)
 .debug_str     0x00005330        0x0 /home/dhr1412/HTTDTD_v3.1/STM32F407VET6/build/bme280.o
                                0xae7 (size before relaxing)
 .debug_str     0x00005330        0x0 /home/dhr1412/HTTDTD_v3.1/STM32F407VET6/build/temperature_logger.o
                                0xde2 (size before relaxing)
 .debug_str     0x00005330        0x0 /home/dhr1412/HTTDTD_v3.1/STM32F407VET6/build/DebugUART.o
                                0xd5b (size before relaxing)
 .debug_str     0x00005330        0x0 /home/dhr1412/HTTDTD_v3.1/STM32F407VET6/build/system_stm32f4xx.o
                                0x3d1 (size before relaxing)
 .debug_str     0x00005330        0x0 /home/dhr1412/HTTDTD_v3.1/STM32F407VET6/build/stm32f4xx_hal.o
                                0xb7c (size before relaxing)
 .debug_str     0x00005330        0x0 /home/dhr1412/HTTDTD_v3.1/STM32F407VET6/build/stm32f4xx_hal_cortex.o
                                0xc8d (size before relaxing)
 .debug_str     0x00005330        0x0 /home/dhr1412/HTTDTD_v3.1/STM32F407VET6/build/stm32f4xx_hal_rcc.o
                                0x71e (size before relaxing)
 .debug_str     0x00005330        0x0 /home/dhr1412/HTTDTD_v3.1/STM32F407VET6/build/stm32f4xx_hal_gpio.o
                                0x4f8 (size before relaxing)
 .debug_str     0x00005330        0x0 /home/dhr1412/HTTDTD_v3.1/STM32F407VET6/build/stm32f4xx_hal_tim.o
                               0x1717 (size before relaxing)
 .debug_str     0x00005330        0x0 /home/dhr1412/HTTDTD_v3.1/STM32F407VET6/build/stm32f4xx_hal_spi.o
                                0xc0c (size before relaxing)
 .debug_str     0x00005330        0x0 /home/dhr1412/HTTDTD_v3.1/STM32F407VET6/build/stm32f4xx_hal_uart.o
                                0xdb3 (size before relaxing)
 .debug_str     0x00005330        0x0 /usr/lib/gcc/arm-none-eabi/15/thumb/v7e-m+fp/hard/libgcc.a(_arm_addsubdf3.o)
                                0x15d (size before relaxing)
 .debug_str     0x00005330        0x0 /usr/lib/gcc/arm-none-eabi/15/thumb/v7e-m+fp/hard/libgcc.a(_aeabi_uldivmod.o)
                                 0xac (size before relaxing)
 .debug_str     0x00005330        0x0 /usr/lib/gcc/arm-none-eabi/15/thumb/v7e-m+fp/hard/libgcc.a(_udivmoddi4.o)
                                0x6a5 (size before relaxing)
 .debug_str     0x00005330        0x0 /usr/lib/gcc/arm-none-eabi/15/thumb/v7e-m+fp/hard/libgcc.a(_dvmd_tls.o)
                                 0xcc (size before relaxing)

.debug_frame    0x00000000     0x2468
 .debug_frame   0x00000000      0x124 /home/dhr1412/HTTDTD_v3.1/STM32F407VET6/build/main.o
 .debug_frame   0x00000124      0x22c /home/dhr1412/HTTDTD_v3.1/STM32F407VET6/build/tdoa_manager.o
 .debug_frame   0x00000350       0xb8 /home/dhr1412/HTTDTD_v3.1/STM32F407VET6/build/spi_slave.o
 .debug_frame   0x00000408      0x124 /home/dhr1412/HTTDTD_v3.1/STM32F407VET6/build/bme280.o
 .debug_frame   0x0000052c       0x4c /home/dhr1412/HTTDTD_v3.1/STM32F407VET6/build/temperature_logger.o
 .debug_frame   0x00000578       0xd4 /home/dhr1412/HTTDTD_v3.1/STM32F407VET6/build/DebugUART.o
 .debug_frame   0x0000064c       0x30 /home/dhr1412/HTTDTD_v3.1/STM32F407VET6/build/system_stm32f4xx.o
 .debug_frame   0x0000067c      0x1ec /home/dhr1412/HTTDTD_v3.1/STM32F407VET6/build/stm32f4xx_hal.o
 .debug_frame   0x00000868      0x214 /home/dhr1412/HTTDTD_v3.1/STM32F407VET6/build/stm32f4xx_hal_cortex.o
 .debug_frame   0x00000a7c      0x16c /home/dhr1412/HTTDTD_v3.1/STM32F407VET6/build/stm32f4xx_hal_rcc.o
 .debug_frame   0x00000be8       0xd0 /home/dhr1412/HTTDTD_v3.1/STM32F407VET6/build/stm32f4xx_hal_gpio.o
 .debug_frame   0x00000cb8      0xac4 /home/dhr1412/HTTDTD_v3.1/STM32F407VET6/build/stm32f4xx_hal_tim.o
 .debug_frame   0x0000177c      0x598 /home/dhr1412/HTTDTD_v3.1/STM32F407VET6/build/stm32f4xx_hal_spi.o
 .debug_frame   0x00001d14      0x5dc /home/dhr1412/HTTDTD_v3.1/STM32F407VET6/build/stm32f4xx_hal_uart.o
 .debug_frame   0x000022f0       0x28 /usr/lib/gcc/arm-none-eabi/15/../../../../arm-none-eabi/lib/thumb/v7e-m+fp/hard/libc.a(memcpy.S.o)
 .debug_frame   0x00002318       0x34 /usr/lib/gcc/arm-none-eabi/15/../../../../arm-none-eabi/lib/thumb/v7e-m+fp/hard/libc.a(memset.S.o)
 .debug_frame   0x0000234c       0xac /usr/lib/gcc/arm-none-eabi/15/thumb/v7e-m+fp/hard/libgcc.a(_arm_addsubdf3.o)
 .debug_frame   0x000023f8       0x2c /usr/lib/gcc/arm-none-eabi/15/thumb/v7e-m+fp/hard/libgcc.a(_aeabi_uldivmod.o)
 .debug_frame   0x00002424       0x44 /usr/lib/gcc/arm-none-eabi/15/thumb/v7e-m+fp/hard/libgcc.a(_udivmoddi4.o)

.debug_line_str
                0x00000000       0xb9
 .debug_line_str
                0x00000000       0xb9 /usr/lib/gcc/arm-none-eabi/15/thumb/v7e-m+fp/hard/libgcc.a(_arm_addsubdf3.o)
                                 0xa5 (size before relaxing)
 .debug_line_str
                0x000000b9        0x0 /usr/lib/gcc/arm-none-eabi/15/thumb/v7e-m+fp/hard/libgcc.a(_aeabi_uldivmod.o)
                                 0xa0 (size before relaxing)
 .debug_line_str
                0x000000b9        0x0 /usr/lib/gcc/arm-none-eabi/15/thumb/v7e-m+fp/hard/libgcc.a(_dvmd_tls.o)
                                 0xa4 (size before relaxing)

Cross Reference Table

Symbol                                            File
ADC_IRQHandler                                    /home/dhr1412/HTTDTD_v3.1/STM32F407VET6/build/startup_stm32f407xx.o
AHBPrescTable                                     /home/dhr1412/HTTDTD_v3.1/STM32F407VET6/build/system_stm32f4xx.o
                                                  /home/dhr1412/HTTDTD_v3.1/STM32F407VET6/build/stm32f4xx_hal_rcc.o
APBPrescTable                                     /home/dhr1412/HTTDTD_v3.1/STM32F407VET6/build/system_stm32f4xx.o
                                                  /home/dhr1412/HTTDTD_v3.1/STM32F407VET6/build/stm32f4xx_hal_rcc.o
BME280::csHigh()                                  /home/dhr1412/HTTDTD_v3.1/STM32F407VET6/build/bme280.o
BME280::csLow()                                   /home/dhr1412/HTTDTD_v3.1/STM32F407VET6/build/bme280.o
BME280::dig_T1                                    /home/dhr1412/HTTDTD_v3.1/STM32F407VET6/build/bme280.o
BME280::dig_T2                                    /home/dhr1412/HTTDTD_v3.1/STM32F407VET6/build/bme280.o
BME280::dig_T3                                    /home/dhr1412/HTTDTD_v3.1/STM32F407VET6/build/bme280.o
BME280::init()                                    /home/dhr1412/HTTDTD_v3.1/STM32F407VET6/build/bme280.o
                                                  /home/dhr1412/HTTDTD_v3.1/STM32F407VET6/build/main.o
BME280::isMeasuring()                             /home/dhr1412/HTTDTD_v3.1/STM32F407VET6/build/bme280.o
BME280::readCalibrationData()                     /home/dhr1412/HTTDTD_v3.1/STM32F407VET6/build/bme280.o
BME280::readRegister(unsigned char)               /home/dhr1412/HTTDTD_v3.1/STM32F407VET6/build/bme280.o
BME280::readRegisters(unsigned char, unsigned char*, unsigned char) /home/dhr1412/HTTDTD_v3.1/STM32F407VET6/build/bme280.o
BME280::readTemperature(float&)                   /home/dhr1412/HTTDTD_v3.1/STM32F407VET6/build/bme280.o
                                                  /home/dhr1412/HTTDTD_v3.1/STM32F407VET6/build/temperature_logger.o
BME280::resetSensor()                             /home/dhr1412/HTTDTD_v3.1/STM32F407VET6/build/bme280.o
BME280::writeRegister(unsigned char, unsigned char) /home/dhr1412/HTTDTD_v3.1/STM32F407VET6/build/bme280.o
BusFault_Handler                                  /home/dhr1412/HTTDTD_v3.1/STM32F407VET6/build/startup_stm32f407xx.o
CAN1_RX0_IRQHandler                               /home/dhr1412/HTTDTD_v3.1/STM32F407VET6/build/startup_stm32f407xx.o
CAN1_RX1_IRQHandler                               /home/dhr1412/HTTDTD_v3.1/STM32F407VET6/build/startup_stm32f407xx.o
CAN1_SCE_IRQHandler                               /home/dhr1412/HTTDTD_v3.1/STM32F407VET6/build/startup_stm32f407xx.o
CAN1_TX_IRQHandler                                /home/dhr1412/HTTDTD_v3.1/STM32F407VET6/build/startup_stm32f407xx.o
CAN2_RX0_IRQHandler                               /home/dhr1412/HTTDTD_v3.1/STM32F407VET6/build/startup_stm32f407xx.o
CAN2_RX1_IRQHandler                               /home/dhr1412/HTTDTD_v3.1/STM32F407VET6/build/startup_stm32f407xx.o
CAN2_SCE_IRQHandler                               /home/dhr1412/HTTDTD_v3.1/STM32F407VET6/build/startup_stm32f407xx.o
CAN2_TX_IRQHandler                                /home/dhr1412/HTTDTD_v3.1/STM32F407VET6/build/startup_stm32f407xx.o
DCMI_IRQHandler                                   /home/dhr1412/HTTDTD_v3.1/STM32F407VET6/build/startup_stm32f407xx.o
DMA1_Stream0_IRQHandler                           /home/dhr1412/HTTDTD_v3.1/STM32F407VET6/build/startup_stm32f407xx.o
DMA1_Stream1_IRQHandler                           /home/dhr1412/HTTDTD_v3.1/STM32F407VET6/build/startup_stm32f407xx.o
DMA1_Stream2_IRQHandler                           /home/dhr1412/HTTDTD_v3.1/STM32F407VET6/build/startup_stm32f407xx.o
DMA1_Stream3_IRQHandler                           /home/dhr1412/HTTDTD_v3.1/STM32F407VET6/build/startup_stm32f407xx.o
DMA1_Stream4_IRQHandler                           /home/dhr1412/HTTDTD_v3.1/STM32F407VET6/build/startup_stm32f407xx.o
DMA1_Stream5_IRQHandler                           /home/dhr1412/HTTDTD_v3.1/STM32F407VET6/build/startup_stm32f407xx.o
DMA1_Stream6_IRQHandler                           /home/dhr1412/HTTDTD_v3.1/STM32F407VET6/build/startup_stm32f407xx.o
DMA1_Stream7_IRQHandler                           /home/dhr1412/HTTDTD_v3.1/STM32F407VET6/build/startup_stm32f407xx.o
DMA2_Stream0_IRQHandler                           /home/dhr1412/HTTDTD_v3.1/STM32F407VET6/build/startup_stm32f407xx.o
DMA2_Stream1_IRQHandler                           /home/dhr1412/HTTDTD_v3.1/STM32F407VET6/build/startup_stm32f407xx.o
DMA2_Stream2_IRQHandler                           /home/dhr1412/HTTDTD_v3.1/STM32F407VET6/build/startup_stm32f407xx.o
DMA2_Stream3_IRQHandler                           /home/dhr1412/HTTDTD_v3.1/STM32F407VET6/build/startup_stm32f407xx.o
DMA2_Stream4_IRQHandler                           /home/dhr1412/HTTDTD_v3.1/STM32F407VET6/build/startup_stm32f407xx.o
DMA2_Stream5_IRQHandler                           /home/dhr1412/HTTDTD_v3.1/STM32F407VET6/build/startup_stm32f407xx.o
DMA2_Stream6_IRQHandler                           /home/dhr1412/HTTDTD_v3.1/STM32F407VET6/build/startup_stm32f407xx.o
DMA2_Stream7_IRQHandler                           /home/dhr1412/HTTDTD_v3.1/STM32F407VET6/build/startup_stm32f407xx.o
DebugMon_Handler                                  /home/dhr1412/HTTDTD_v3.1/STM32F407VET6/build/startup_stm32f407xx.o
DebugUART::init(__UART_HandleTypeDef*)            /home/dhr1412/HTTDTD_v3.1/STM32F407VET6/build/DebugUART.o
                                                  /home/dhr1412/HTTDTD_v3.1/STM32F407VET6/build/main.o
DebugUART::log(char const*, ...)                  /home/dhr1412/HTTDTD_v3.1/STM32F407VET6/build/DebugUART.o
                                                  /home/dhr1412/HTTDTD_v3.1/STM32F407VET6/build/main.o
DebugUART::logRaw(char const*)                    /home/dhr1412/HTTDTD_v3.1/STM32F407VET6/build/DebugUART.o
DebugUART::s_fileBuffer                           /home/dhr1412/HTTDTD_v3.1/STM32F407VET6/build/DebugUART.o
DebugUART::s_fileEnabled                          /home/dhr1412/HTTDTD_v3.1/STM32F407VET6/build/DebugUART.o
DebugUART::s_fileSize                             /home/dhr1412/HTTDTD_v3.1/STM32F407VET6/build/DebugUART.o
DebugUART::s_temp                                 /home/dhr1412/HTTDTD_v3.1/STM32F407VET6/build/DebugUART.o
DebugUART::s_uart                                 /home/dhr1412/HTTDTD_v3.1/STM32F407VET6/build/DebugUART.o
DebugUART::saveToHostFile()                       /home/dhr1412/HTTDTD_v3.1/STM32F407VET6/build/DebugUART.o
DebugUART::setFileBufferEnabled(bool)             /home/dhr1412/HTTDTD_v3.1/STM32F407VET6/build/DebugUART.o
                                                  /home/dhr1412/HTTDTD_v3.1/STM32F407VET6/build/main.o
DebugUART::storeText(char const*, unsigned int)   /home/dhr1412/HTTDTD_v3.1/STM32F407VET6/build/DebugUART.o
DebugUART::writeUart(char const*, unsigned int)   /home/dhr1412/HTTDTD_v3.1/STM32F407VET6/build/DebugUART.o
Default_Handler                                   /home/dhr1412/HTTDTD_v3.1/STM32F407VET6/build/startup_stm32f407xx.o
ETH_IRQHandler                                    /home/dhr1412/HTTDTD_v3.1/STM32F407VET6/build/startup_stm32f407xx.o
ETH_WKUP_IRQHandler                               /home/dhr1412/HTTDTD_v3.1/STM32F407VET6/build/startup_stm32f407xx.o
EXTI0_IRQHandler                                  /home/dhr1412/HTTDTD_v3.1/STM32F407VET6/build/startup_stm32f407xx.o
EXTI15_10_IRQHandler                              /home/dhr1412/HTTDTD_v3.1/STM32F407VET6/build/spi_slave.o
EXTI1_IRQHandler                                  /home/dhr1412/HTTDTD_v3.1/STM32F407VET6/build/tdoa_manager.o
EXTI2_IRQHandler                                  /home/dhr1412/HTTDTD_v3.1/STM32F407VET6/build/tdoa_manager.o
EXTI3_IRQHandler                                  /home/dhr1412/HTTDTD_v3.1/STM32F407VET6/build/startup_stm32f407xx.o
EXTI4_IRQHandler                                  /home/dhr1412/HTTDTD_v3.1/STM32F407VET6/build/tdoa_manager.o
EXTI9_5_IRQHandler                                /home/dhr1412/HTTDTD_v3.1/STM32F407VET6/build/startup_stm32f407xx.o
FLASH_Erase_Sector                                /home/dhr1412/HTTDTD_v3.1/STM32F407VET6/build/stm32f4xx_hal_flash.o
FLASH_FlushCaches                                 /home/dhr1412/HTTDTD_v3.1/STM32F407VET6/build/stm32f4xx_hal_flash.o
FLASH_IRQHandler                                  /home/dhr1412/HTTDTD_v3.1/STM32F407VET6/build/startup_stm32f407xx.o
FLASH_WaitForLastOperation                        /home/dhr1412/HTTDTD_v3.1/STM32F407VET6/build/stm32f4xx_hal_flash.o
FPU_IRQHandler                                    /home/dhr1412/HTTDTD_v3.1/STM32F407VET6/build/startup_stm32f407xx.o
FSMC_IRQHandler                                   /home/dhr1412/HTTDTD_v3.1/STM32F407VET6/build/startup_stm32f407xx.o
HAL_CORTEX_ClearEvent                             /home/dhr1412/HTTDTD_v3.1/STM32F407VET6/build/stm32f4xx_hal_cortex.o
HAL_DBGMCU_DisableDBGSleepMode                    /home/dhr1412/HTTDTD_v3.1/STM32F407VET6/build/stm32f4xx_hal.o
HAL_DBGMCU_DisableDBGStandbyMode                  /home/dhr1412/HTTDTD_v3.1/STM32F407VET6/build/stm32f4xx_hal.o
HAL_DBGMCU_DisableDBGStopMode                     /home/dhr1412/HTTDTD_v3.1/STM32F407VET6/build/stm32f4xx_hal.o
HAL_DBGMCU_EnableDBGSleepMode                     /home/dhr1412/HTTDTD_v3.1/STM32F407VET6/build/stm32f4xx_hal.o
HAL_DBGMCU_EnableDBGStandbyMode                   /home/dhr1412/HTTDTD_v3.1/STM32F407VET6/build/stm32f4xx_hal.o
HAL_DBGMCU_EnableDBGStopMode                      /home/dhr1412/HTTDTD_v3.1/STM32F407VET6/build/stm32f4xx_hal.o
HAL_DMA_Abort                                     /home/dhr1412/HTTDTD_v3.1/STM32F407VET6/build/stm32f4xx_hal_dma.o
                                                  /home/dhr1412/HTTDTD_v3.1/STM32F407VET6/build/stm32f4xx_hal_uart.o
                                                  /home/dhr1412/HTTDTD_v3.1/STM32F407VET6/build/stm32f4xx_hal_spi.o
HAL_DMA_Abort_IT                                  /home/dhr1412/HTTDTD_v3.1/STM32F407VET6/build/stm32f4xx_hal_dma.o
                                                  /home/dhr1412/HTTDTD_v3.1/STM32F407VET6/build/stm32f4xx_hal_tim_ex.o
                                                  /home/dhr1412/HTTDTD_v3.1/STM32F407VET6/build/stm32f4xx_hal_uart.o
                                                  /home/dhr1412/HTTDTD_v3.1/STM32F407VET6/build/stm32f4xx_hal_spi.o
                                                  /home/dhr1412/HTTDTD_v3.1/STM32F407VET6/build/stm32f4xx_hal_tim.o
HAL_DMA_DeInit                                    /home/dhr1412/HTTDTD_v3.1/STM32F407VET6/build/stm32f4xx_hal_dma.o
HAL_DMA_GetError                                  /home/dhr1412/HTTDTD_v3.1/STM32F407VET6/build/stm32f4xx_hal_dma.o
                                                  /home/dhr1412/HTTDTD_v3.1/STM32F407VET6/build/stm32f4xx_hal_uart.o
HAL_DMA_GetState                                  /home/dhr1412/HTTDTD_v3.1/STM32F407VET6/build/stm32f4xx_hal_dma.o
HAL_DMA_IRQHandler                                /home/dhr1412/HTTDTD_v3.1/STM32F407VET6/build/stm32f4xx_hal_dma.o
HAL_DMA_Init                                      /home/dhr1412/HTTDTD_v3.1/STM32F407VET6/build/stm32f4xx_hal_dma.o
HAL_DMA_PollForTransfer                           /home/dhr1412/HTTDTD_v3.1/STM32F407VET6/build/stm32f4xx_hal_dma.o
HAL_DMA_RegisterCallback                          /home/dhr1412/HTTDTD_v3.1/STM32F407VET6/build/stm32f4xx_hal_dma.o
HAL_DMA_Start                                     /home/dhr1412/HTTDTD_v3.1/STM32F407VET6/build/stm32f4xx_hal_dma.o
HAL_DMA_Start_IT                                  /home/dhr1412/HTTDTD_v3.1/STM32F407VET6/build/stm32f4xx_hal_dma.o
                                                  /home/dhr1412/HTTDTD_v3.1/STM32F407VET6/build/stm32f4xx_hal_tim_ex.o
                                                  /home/dhr1412/HTTDTD_v3.1/STM32F407VET6/build/stm32f4xx_hal_uart.o
                                                  /home/dhr1412/HTTDTD_v3.1/STM32F407VET6/build/stm32f4xx_hal_spi.o
                                                  /home/dhr1412/HTTDTD_v3.1/STM32F407VET6/build/stm32f4xx_hal_tim.o
HAL_DMA_UnRegisterCallback                        /home/dhr1412/HTTDTD_v3.1/STM32F407VET6/build/stm32f4xx_hal_dma.o
HAL_DeInit                                        /home/dhr1412/HTTDTD_v3.1/STM32F407VET6/build/stm32f4xx_hal.o
HAL_Delay                                         /home/dhr1412/HTTDTD_v3.1/STM32F407VET6/build/stm32f4xx_hal.o
                                                  /home/dhr1412/HTTDTD_v3.1/STM32F407VET6/build/bme280.o
HAL_DisableCompensationCell                       /home/dhr1412/HTTDTD_v3.1/STM32F407VET6/build/stm32f4xx_hal.o
HAL_EXTI_ClearConfigLine                          /home/dhr1412/HTTDTD_v3.1/STM32F407VET6/build/stm32f4xx_hal_exti.o
HAL_EXTI_ClearPending                             /home/dhr1412/HTTDTD_v3.1/STM32F407VET6/build/stm32f4xx_hal_exti.o
HAL_EXTI_GenerateSWI                              /home/dhr1412/HTTDTD_v3.1/STM32F407VET6/build/stm32f4xx_hal_exti.o
HAL_EXTI_GetConfigLine                            /home/dhr1412/HTTDTD_v3.1/STM32F407VET6/build/stm32f4xx_hal_exti.o
HAL_EXTI_GetHandle                                /home/dhr1412/HTTDTD_v3.1/STM32F407VET6/build/stm32f4xx_hal_exti.o
HAL_EXTI_GetPending                               /home/dhr1412/HTTDTD_v3.1/STM32F407VET6/build/stm32f4xx_hal_exti.o
HAL_EXTI_IRQHandler                               /home/dhr1412/HTTDTD_v3.1/STM32F407VET6/build/stm32f4xx_hal_exti.o
HAL_EXTI_RegisterCallback                         /home/dhr1412/HTTDTD_v3.1/STM32F407VET6/build/stm32f4xx_hal_exti.o
HAL_EXTI_SetConfigLine                            /home/dhr1412/HTTDTD_v3.1/STM32F407VET6/build/stm32f4xx_hal_exti.o
HAL_EnableCompensationCell                        /home/dhr1412/HTTDTD_v3.1/STM32F407VET6/build/stm32f4xx_hal.o
HAL_FLASH_EndOfOperationCallback                  /home/dhr1412/HTTDTD_v3.1/STM32F407VET6/build/stm32f4xx_hal_flash.o
HAL_FLASH_GetError                                /home/dhr1412/HTTDTD_v3.1/STM32F407VET6/build/stm32f4xx_hal_flash.o
HAL_FLASH_IRQHandler                              /home/dhr1412/HTTDTD_v3.1/STM32F407VET6/build/stm32f4xx_hal_flash.o
HAL_FLASH_Lock                                    /home/dhr1412/HTTDTD_v3.1/STM32F407VET6/build/stm32f4xx_hal_flash.o
HAL_FLASH_OB_Launch                               /home/dhr1412/HTTDTD_v3.1/STM32F407VET6/build/stm32f4xx_hal_flash.o
HAL_FLASH_OB_Lock                                 /home/dhr1412/HTTDTD_v3.1/STM32F407VET6/build/stm32f4xx_hal_flash.o
HAL_FLASH_OB_Unlock                               /home/dhr1412/HTTDTD_v3.1/STM32F407VET6/build/stm32f4xx_hal_flash.o
HAL_FLASH_OperationErrorCallback                  /home/dhr1412/HTTDTD_v3.1/STM32F407VET6/build/stm32f4xx_hal_flash.o
HAL_FLASH_Program                                 /home/dhr1412/HTTDTD_v3.1/STM32F407VET6/build/stm32f4xx_hal_flash.o
HAL_FLASH_Program_IT                              /home/dhr1412/HTTDTD_v3.1/STM32F407VET6/build/stm32f4xx_hal_flash.o
HAL_FLASH_Unlock                                  /home/dhr1412/HTTDTD_v3.1/STM32F407VET6/build/stm32f4xx_hal_flash.o
HAL_GPIO_DeInit                                   /home/dhr1412/HTTDTD_v3.1/STM32F407VET6/build/stm32f4xx_hal_gpio.o
HAL_GPIO_EXTI_Callback                            /home/dhr1412/HTTDTD_v3.1/STM32F407VET6/build/stm32f4xx_hal_gpio.o
HAL_GPIO_EXTI_IRQHandler                          /home/dhr1412/HTTDTD_v3.1/STM32F407VET6/build/stm32f4xx_hal_gpio.o
HAL_GPIO_Init                                     /home/dhr1412/HTTDTD_v3.1/STM32F407VET6/build/stm32f4xx_hal_gpio.o
                                                  /home/dhr1412/HTTDTD_v3.1/STM32F407VET6/build/stm32f4xx_hal_rcc.o
                                                  /home/dhr1412/HTTDTD_v3.1/STM32F407VET6/build/spi_slave.o
                                                  /home/dhr1412/HTTDTD_v3.1/STM32F407VET6/build/tdoa_manager.o
HAL_GPIO_LockPin                                  /home/dhr1412/HTTDTD_v3.1/STM32F407VET6/build/stm32f4xx_hal_gpio.o
HAL_GPIO_ReadPin                                  /home/dhr1412/HTTDTD_v3.1/STM32F407VET6/build/stm32f4xx_hal_gpio.o
                                                  /home/dhr1412/HTTDTD_v3.1/STM32F407VET6/build/spi_slave.o
                                                  /home/dhr1412/HTTDTD_v3.1/STM32F407VET6/build/tdoa_manager.o
HAL_GPIO_TogglePin                                /home/dhr1412/HTTDTD_v3.1/STM32F407VET6/build/stm32f4xx_hal_gpio.o
HAL_GPIO_WritePin                                 /home/dhr1412/HTTDTD_v3.1/STM32F407VET6/build/stm32f4xx_hal_gpio.o
                                                  /home/dhr1412/HTTDTD_v3.1/STM32F407VET6/build/bme280.o
                                                  /home/dhr1412/HTTDTD_v3.1/STM32F407VET6/build/tdoa_manager.o
HAL_GetDEVID                                      /home/dhr1412/HTTDTD_v3.1/STM32F407VET6/build/stm32f4xx_hal.o
HAL_GetHalVersion                                 /home/dhr1412/HTTDTD_v3.1/STM32F407VET6/build/stm32f4xx_hal.o
HAL_GetREVID                                      /home/dhr1412/HTTDTD_v3.1/STM32F407VET6/build/stm32f4xx_hal.o
HAL_GetTick                                       /home/dhr1412/HTTDTD_v3.1/STM32F407VET6/build/stm32f4xx_hal.o
                                                  /home/dhr1412/HTTDTD_v3.1/STM32F407VET6/build/stm32f4xx_hal_flash.o
                                                  /home/dhr1412/HTTDTD_v3.1/STM32F407VET6/build/stm32f4xx_hal_dma.o
                                                  /home/dhr1412/HTTDTD_v3.1/STM32F407VET6/build/stm32f4xx_hal_uart.o
                                                  /home/dhr1412/HTTDTD_v3.1/STM32F407VET6/build/stm32f4xx_hal_spi.o
                                                  /home/dhr1412/HTTDTD_v3.1/STM32F407VET6/build/stm32f4xx_hal_rcc.o
                                                  /home/dhr1412/HTTDTD_v3.1/STM32F407VET6/build/temperature_logger.o
                                                  /home/dhr1412/HTTDTD_v3.1/STM32F407VET6/build/tdoa_manager.o
HAL_GetTickFreq                                   /home/dhr1412/HTTDTD_v3.1/STM32F407VET6/build/stm32f4xx_hal.o
HAL_GetTickPrio                                   /home/dhr1412/HTTDTD_v3.1/STM32F407VET6/build/stm32f4xx_hal.o
HAL_GetUIDw0                                      /home/dhr1412/HTTDTD_v3.1/STM32F407VET6/build/stm32f4xx_hal.o
HAL_GetUIDw1                                      /home/dhr1412/HTTDTD_v3.1/STM32F407VET6/build/stm32f4xx_hal.o
HAL_GetUIDw2                                      /home/dhr1412/HTTDTD_v3.1/STM32F407VET6/build/stm32f4xx_hal.o
HAL_HalfDuplex_EnableReceiver                     /home/dhr1412/HTTDTD_v3.1/STM32F407VET6/build/stm32f4xx_hal_uart.o
HAL_HalfDuplex_EnableTransmitter                  /home/dhr1412/HTTDTD_v3.1/STM32F407VET6/build/stm32f4xx_hal_uart.o
HAL_HalfDuplex_Init                               /home/dhr1412/HTTDTD_v3.1/STM32F407VET6/build/stm32f4xx_hal_uart.o
HAL_IncTick                                       /home/dhr1412/HTTDTD_v3.1/STM32F407VET6/build/stm32f4xx_hal.o
HAL_Init                                          /home/dhr1412/HTTDTD_v3.1/STM32F407VET6/build/stm32f4xx_hal.o